Component: ARM Compiler 5.06 update 3 (build 300) Tool: armlink [4d35c9]

==============================================================================

Section Cross References

    system_stm32f10x.o(i.SetSysClock) refers to system_stm32f10x.o(i.SetSysClockTo72) for SetSysClockTo72
    system_stm32f10x.o(i.SystemCoreClockUpdate) refers to system_stm32f10x.o(.data) for SystemCoreClock
    system_stm32f10x.o(i.SystemInit) refers to system_stm32f10x.o(i.SetSysClock) for SetSysClock
    startup_stm32f10x_hd.o(RESET) refers to startup_stm32f10x_hd.o(STACK) for __initial_sp
    startup_stm32f10x_hd.o(RESET) refers to startup_stm32f10x_hd.o(.text) for Reset_Handler
    startup_stm32f10x_hd.o(RESET) refers to stm32f10x_it.o(i.NMI_Handler) for NMI_Handler
    startup_stm32f10x_hd.o(RESET) refers to stm32f10x_it.o(i.HardFault_Handler) for HardFault_Handler
    startup_stm32f10x_hd.o(RESET) refers to stm32f10x_it.o(i.MemManage_Handler) for MemManage_Handler
    startup_stm32f10x_hd.o(RESET) refers to stm32f10x_it.o(i.BusFault_Handler) for BusFault_Handler
    startup_stm32f10x_hd.o(RESET) refers to stm32f10x_it.o(i.UsageFault_Handler) for UsageFault_Handler
    startup_stm32f10x_hd.o(RESET) refers to stm32f10x_it.o(i.SVC_Handler) for SVC_Handler
    startup_stm32f10x_hd.o(RESET) refers to stm32f10x_it.o(i.DebugMon_Handler) for DebugMon_Handler
    startup_stm32f10x_hd.o(RESET) refers to stm32f10x_it.o(i.PendSV_Handler) for PendSV_Handler
    startup_stm32f10x_hd.o(RESET) refers to stm32f10x_it.o(i.SysTick_Handler) for SysTick_Handler
    startup_stm32f10x_hd.o(RESET) refers to timer.o(i.TIM2_IRQHandler) for TIM2_IRQHandler
    startup_stm32f10x_hd.o(RESET) refers to usart.o(i.USART1_IRQHandler) for USART1_IRQHandler
    startup_stm32f10x_hd.o(RESET) refers to usart.o(i.USART3_IRQHandler) for USART3_IRQHandler
    startup_stm32f10x_hd.o(.text) refers to system_stm32f10x.o(i.SystemInit) for SystemInit
    startup_stm32f10x_hd.o(.text) refers to entry.o(.ARM.Collect$$$$00000000) for __main
    stm32f10x_adc.o(i.ADC_DeInit) refers to stm32f10x_rcc.o(i.RCC_APB2PeriphResetCmd) for RCC_APB2PeriphResetCmd
    stm32f10x_bkp.o(i.BKP_DeInit) refers to stm32f10x_rcc.o(i.RCC_BackupResetCmd) for RCC_BackupResetCmd
    stm32f10x_can.o(i.CAN_DeInit) refers to stm32f10x_rcc.o(i.RCC_APB1PeriphResetCmd) for RCC_APB1PeriphResetCmd
    stm32f10x_can.o(i.CAN_GetITStatus) refers to stm32f10x_can.o(i.CheckITStatus) for CheckITStatus
    stm32f10x_cec.o(i.CEC_DeInit) refers to stm32f10x_rcc.o(i.RCC_APB1PeriphResetCmd) for RCC_APB1PeriphResetCmd
    stm32f10x_dac.o(i.DAC_DeInit) refers to stm32f10x_rcc.o(i.RCC_APB1PeriphResetCmd) for RCC_APB1PeriphResetCmd
    stm32f10x_flash.o(i.FLASH_EnableWriteProtection) refers to stm32f10x_flash.o(i.FLASH_WaitForLastOperation) for FLASH_WaitForLastOperation
    stm32f10x_flash.o(i.FLASH_EraseAllBank1Pages) refers to stm32f10x_flash.o(i.FLASH_WaitForLastBank1Operation) for FLASH_WaitForLastBank1Operation
    stm32f10x_flash.o(i.FLASH_EraseAllPages) refers to stm32f10x_flash.o(i.FLASH_WaitForLastOperation) for FLASH_WaitForLastOperation
    stm32f10x_flash.o(i.FLASH_EraseOptionBytes) refers to stm32f10x_flash.o(i.FLASH_GetReadOutProtectionStatus) for FLASH_GetReadOutProtectionStatus
    stm32f10x_flash.o(i.FLASH_EraseOptionBytes) refers to stm32f10x_flash.o(i.FLASH_WaitForLastOperation) for FLASH_WaitForLastOperation
    stm32f10x_flash.o(i.FLASH_ErasePage) refers to stm32f10x_flash.o(i.FLASH_WaitForLastOperation) for FLASH_WaitForLastOperation
    stm32f10x_flash.o(i.FLASH_ProgramHalfWord) refers to stm32f10x_flash.o(i.FLASH_WaitForLastOperation) for FLASH_WaitForLastOperation
    stm32f10x_flash.o(i.FLASH_ProgramOptionByteData) refers to stm32f10x_flash.o(i.FLASH_WaitForLastOperation) for FLASH_WaitForLastOperation
    stm32f10x_flash.o(i.FLASH_ProgramWord) refers to stm32f10x_flash.o(i.FLASH_WaitForLastOperation) for FLASH_WaitForLastOperation
    stm32f10x_flash.o(i.FLASH_ReadOutProtection) refers to stm32f10x_flash.o(i.FLASH_WaitForLastOperation) for FLASH_WaitForLastOperation
    stm32f10x_flash.o(i.FLASH_UserOptionByteConfig) refers to stm32f10x_flash.o(i.FLASH_WaitForLastOperation) for FLASH_WaitForLastOperation
    stm32f10x_flash.o(i.FLASH_WaitForLastBank1Operation) refers to stm32f10x_flash.o(i.FLASH_GetBank1Status) for FLASH_GetBank1Status
    stm32f10x_flash.o(i.FLASH_WaitForLastOperation) refers to stm32f10x_flash.o(i.FLASH_GetBank1Status) for FLASH_GetBank1Status
    stm32f10x_gpio.o(i.GPIO_AFIODeInit) refers to stm32f10x_rcc.o(i.RCC_APB2PeriphResetCmd) for RCC_APB2PeriphResetCmd
    stm32f10x_gpio.o(i.GPIO_DeInit) refers to stm32f10x_rcc.o(i.RCC_APB2PeriphResetCmd) for RCC_APB2PeriphResetCmd
    stm32f10x_i2c.o(i.I2C_DeInit) refers to stm32f10x_rcc.o(i.RCC_APB1PeriphResetCmd) for RCC_APB1PeriphResetCmd
    stm32f10x_i2c.o(i.I2C_Init) refers to stm32f10x_rcc.o(i.RCC_GetClocksFreq) for RCC_GetClocksFreq
[...]
    Removing stm32f10x_tim.o(i.TIM_ETRClockMode1Config), (54 bytes).
    Removing stm32f10x_tim.o(i.TIM_ETRClockMode2Config), (32 bytes).
    Removing stm32f10x_tim.o(i.TIM_ETRConfig), (28 bytes).
    Removing stm32f10x_tim.o(i.TIM_EncoderInterfaceConfig), (66 bytes).
    Removing stm32f10x_tim.o(i.TIM_ForcedOC1Config), (18 bytes).
    Removing stm32f10x_tim.o(i.TIM_ForcedOC2Config), (26 bytes).
    Removing stm32f10x_tim.o(i.TIM_ForcedOC3Config), (18 bytes).
    Removing stm32f10x_tim.o(i.TIM_ForcedOC4Config), (26 bytes).
    Removing stm32f10x_tim.o(i.TIM_GenerateEvent), (4 bytes).
    Removing stm32f10x_tim.o(i.TIM_GetCapture1), (6 bytes).
    Removing stm32f10x_tim.o(i.TIM_GetCapture2), (6 bytes).
    Removing stm32f10x_tim.o(i.TIM_GetCapture3), (6 bytes).
    Removing stm32f10x_tim.o(i.TIM_GetCapture4), (8 bytes).
    Removing stm32f10x_tim.o(i.TIM_GetCounter), (6 bytes).
    Removing stm32f10x_tim.o(i.TIM_GetFlagStatus), (18 bytes).
    Removing stm32f10x_tim.o(i.TIM_GetPrescaler), (6 bytes).
    Removing stm32f10x_tim.o(i.TIM_ICInit), (172 bytes).
    Removing stm32f10x_tim.o(i.TIM_ICStructInit), (18 bytes).
    Removing stm32f10x_tim.o(i.TIM_ITRxExternalClockConfig), (24 bytes).
    Removing stm32f10x_tim.o(i.TIM_OC1FastConfig), (18 bytes).
    Removing stm32f10x_tim.o(i.TIM_OC1Init), (152 bytes).
    Removing stm32f10x_tim.o(i.TIM_OC1NPolarityConfig), (18 bytes).
    Removing stm32f10x_tim.o(i.TIM_OC1PolarityConfig), (18 bytes).
    Removing stm32f10x_tim.o(i.TIM_OC1PreloadConfig), (18 bytes).
    Removing stm32f10x_tim.o(i.TIM_OC2FastConfig), (26 bytes).
    Removing stm32f10x_tim.o(i.TIM_OC2Init), (164 bytes).
    Removing stm32f10x_tim.o(i.TIM_OC2NPolarityConfig), (26 bytes).
    Removing stm32f10x_tim.o(i.TIM_OC2PolarityConfig), (26 bytes).
    Removing stm32f10x_tim.o(i.TIM_OC2PreloadConfig), (26 bytes).
    Removing stm32f10x_tim.o(i.TIM_OC3FastConfig), (18 bytes).
    Removing stm32f10x_tim.o(i.TIM_OC3NPolarityConfig), (26 bytes).
    Removing stm32f10x_tim.o(i.TIM_OC3PolarityConfig), (26 bytes).
    Removing stm32f10x_tim.o(i.TIM_OC3PreloadConfig), (18 bytes).
    Removing stm32f10x_tim.o(i.TIM_OC4FastConfig), (26 bytes).
    Removing stm32f10x_tim.o(i.TIM_OC4PolarityConfig), (26 bytes).
    Removing stm32f10x_tim.o(i.TIM_OC4PreloadConfig), (26 bytes).
    Removing stm32f10x_tim.o(i.TIM_PWMIConfig), (124 bytes).
    Removing stm32f10x_tim.o(i.TIM_PrescalerConfig), (6 bytes).
    Removing stm32f10x_tim.o(i.TIM_SelectCCDMA), (24 bytes).
    Removing stm32f10x_tim.o(i.TIM_SelectCOM), (24 bytes).
    Removing stm32f10x_tim.o(i.TIM_SelectHallSensor), (24 bytes).
    Removing stm32f10x_tim.o(i.TIM_SelectInputTrigger), (18 bytes).
    Removing stm32f10x_tim.o(i.TIM_SelectMasterSlaveMode), (18 bytes).
    Removing stm32f10x_tim.o(i.TIM_SelectOCxM), (82 bytes).
    Removing stm32f10x_tim.o(i.TIM_SelectOnePulseMode), (18 bytes).
    Removing stm32f10x_tim.o(i.TIM_SelectOutputTrigger), (18 bytes).
    Removing stm32f10x_tim.o(i.TIM_SelectSlaveMode), (18 bytes).
    Removing stm32f10x_tim.o(i.TIM_SetAutoreload), (4 bytes).
    Removing stm32f10x_tim.o(i.TIM_SetClockDivision), (18 bytes).
    Removing stm32f10x_tim.o(i.TIM_SetCompare1), (4 bytes).
    Removing stm32f10x_tim.o(i.TIM_SetCompare2), (4 bytes).
    Removing stm32f10x_tim.o(i.TIM_SetCounter), (4 bytes).
    Removing stm32f10x_tim.o(i.TIM_SetIC1Prescaler), (18 bytes).
    Removing stm32f10x_tim.o(i.TIM_SetIC2Prescaler), (26 bytes).
    Removing stm32f10x_tim.o(i.TIM_SetIC3Prescaler), (18 bytes).
    Removing stm32f10x_tim.o(i.TIM_SetIC4Prescaler), (26 bytes).
    Removing stm32f10x_tim.o(i.TIM_TIxExternalClockConfig), (62 bytes).
    Removing stm32f10x_tim.o(i.TIM_TimeBaseStructInit), (18 bytes).
    Removing stm32f10x_tim.o(i.TIM_UpdateDisableConfig), (24 bytes).
    Removing stm32f10x_tim.o(i.TIM_UpdateRequestConfig), (24 bytes).
    Removing stm32f10x_usart.o(i.USART_ClearFlag), (18 bytes).
    Removing stm32f10x_usart.o(i.USART_ClearITPendingBit), (30 bytes).
    Removing stm32f10x_usart.o(i.USART_ClockInit), (34 bytes).
    Removing stm32f10x_usart.o(i.USART_ClockStructInit), (12 bytes).
    Removing stm32f10x_usart.o(i.USART_DMACmd), (18 bytes).
    Removing stm32f10x_usart.o(i.USART_DeInit), (156 bytes).
    Removing stm32f10x_usart.o(i.USART_HalfDuplexCmd), (24 bytes).
    Removing stm32f10x_usart.o(i.USART_IrDACmd), (24 bytes).
    Removing stm32f10x_usart.o(i.USART_IrDAConfig), (18 bytes).
    Removing stm32f10x_usart.o(i.USART_LINBreakDetectLengthConfig), (18 bytes).
    Removing stm32f10x_usart.o(i.USART_LINCmd), (24 bytes).
    Removing stm32f10x_usart.o(i.USART_OneBitMethodCmd), (24 bytes).
    Removing stm32f10x_usart.o(i.USART_OverSampling8Cmd), (22 bytes).
    Removing stm32f10x_usart.o(i.USART_ReceiverWakeUpCmd), (24 bytes).
    Removing stm32f10x_usart.o(i.USART_SendBreak), (10 bytes).
    Removing stm32f10x_usart.o(i.USART_SetAddress), (18 bytes).
    Removing stm32f10x_usart.o(i.USART_SetGuardTime), (16 bytes).
    Removing stm32f10x_usart.o(i.USART_SetPrescaler), (16 bytes).
    Removing stm32f10x_usart.o(i.USART_SmartCardCmd), (24 bytes).
    Removing stm32f10x_usart.o(i.USART_SmartCardNACKCmd), (24 bytes).
    Removing stm32f10x_usart.o(i.USART_StructInit), (24 bytes).
    Removing stm32f10x_usart.o(i.USART_WakeUpConfig), (18 bytes).
    Removing stm32f10x_wwdg.o(i.WWDG_ClearFlag), (12 bytes).
    Removing stm32f10x_wwdg.o(i.WWDG_DeInit), (22 bytes).
    Removing stm32f10x_wwdg.o(i.WWDG_Enable), (16 bytes).
    Removing stm32f10x_wwdg.o(i.WWDG_EnableIT), (12 bytes).
    Removing stm32f10x_wwdg.o(i.WWDG_GetFlagStatus), (12 bytes).
    Removing stm32f10x_wwdg.o(i.WWDG_SetCounter), (16 bytes).
    Removing stm32f10x_wwdg.o(i.WWDG_SetPrescaler), (24 bytes).
    Removing stm32f10x_wwdg.o(i.WWDG_SetWindowValue), (40 bytes).
    Removing delay.o(i.delay_s), (24 bytes).
    Removing ziku.o(.data), (393 bytes).
    Removing sys.o(.emb_text), (6 bytes).
    Removing sys.o(i.INTX_DISABLE), (4 bytes).
    Removing sys.o(i.INTX_ENABLE), (4 bytes).
    Removing sys.o(i.WFI_SET), (4 bytes).
    Removing key.o(i.Key_GetNum), (52 bytes).
    Removing lcd.o(i.LCD_BGR2RGB), (26 bytes).
    Removing lcd.o(i.LCD_Color_Fill), (94 bytes).
    Removing lcd.o(i.LCD_DisplayOff), (108 bytes).
    Removing lcd.o(i.LCD_DisplayOn), (108 bytes).
    Removing lcd.o(i.LCD_DrawLine), (176 bytes).
    Removing lcd.o(i.LCD_DrawPoint), (36 bytes).
    Removing lcd.o(i.LCD_DrawRectangle), (60 bytes).
    Removing lcd.o(i.LCD_Draw_Circle), (152 bytes).
    Removing lcd.o(i.LCD_Fill), (184 bytes).
    Removing lcd.o(i.LCD_ReadPoint), (400 bytes).
    Removing lcd.o(i.LCD_ReadReg), (22 bytes).
    Removing lcd.o(i.LCD_Set_Window), (544 bytes).
    Removing lcd.o(i.LCD_ShowGB2312), (192 bytes).
    Removing lcd.o(i.LCD_ShowxNum), (190 bytes).
    Removing lcd.o(i.LCD_WriteRAM), (8 bytes).
    Removing lcd.o(i.opt_delay), (14 bytes).
    Removing duoji.o(i.duoji_Init), (14 bytes).
    Removing bh1750.o(i.BH1750_Power_OFF), (10 bytes).
    Removing bh1750.o(i.BH1750_RESET), (10 bytes).
    Removing usart.o(i.MyUSART_GetString), (8 bytes).
    Removing usart.o(i.MyUSART_SendString), (36 bytes).
    Removing usart.o(i.Uart1_Receive_Byte), (32 bytes).
    Removing usart.o(i.Uart1_RecvString), (26 bytes).
    Removing usart.o(i._sys_exit), (4 bytes).
    Removing usart.o(i._ttywrch), (12 bytes).
    Removing usart.o(i.ferror), (8 bytes).
    Removing dfixul.o(.text), (48 bytes).
    Removing cdrcmple.o(.text), (48 bytes).

467 unused section(s) (total 20373 bytes) removed from the image.

==============================================================================

Image Symbol Table

    Local Symbols

    Symbol Name                              Value     Ov Type        Size  Object(Section)

    ../clib/microlib/division.c              0x00000000   Number         0  uidiv.o ABSOLUTE
    ../clib/microlib/division.c              0x00000000   Number         0  uldiv.o ABSOLUTE
    ../clib/microlib/init/entry.s            0x00000000   Number         0  entry9a.o ABSOLUTE
    ../clib/microlib/init/entry.s            0x00000000   Number         0  entry.o ABSOLUTE
    ../clib/microlib/init/entry.s            0x00000000   Number         0  entry8b.o ABSOLUTE
    ../clib/microlib/init/entry.s            0x00000000   Number         0  entry11b.o ABSOLUTE
    ../clib/microlib/init/entry.s            0x00000000   Number         0  entry11a.o ABSOLUTE
    ../clib/microlib/init/entry.s            0x00000000   Number         0  entry10b.o ABSOLUTE
    ../clib/microlib/init/entry.s            0x00000000   Number         0  entry10a.o ABSOLUTE
    ../clib/microlib/init/entry.s            0x00000000   Number         0  entry9b.o ABSOLUTE
    ../clib/microlib/init/entry.s            0x00000000   Number         0  entry8a.o ABSOLUTE
    ../clib/microlib/init/entry.s            0x00000000   Number         0  entry7b.o ABSOLUTE
    ../clib/microlib/init/entry.s            0x00000000   Number         0  entry7a.o ABSOLUTE
    ../clib/microlib/init/entry.s            0x00000000   Number         0  entry5.o ABSOLUTE
    ../clib/microlib/init/entry.s            0x00000000   Number         0  entry2.o ABSOLUTE
    ../clib/microlib/longlong.c              0x00000000   Number         0  llsshr.o ABSOLUTE
    ../clib/microlib/longlong.c              0x00000000   Number         0  llushr.o ABSOLUTE
    ../clib/microlib/longlong.c              0x00000000   Number         0  llshl.o ABSOLUTE
    ../clib/microlib/printf/printf.c         0x00000000   Number         0  printfb.o ABSOLUTE
    ../clib/microlib/printf/printf.c         0x00000000   Number         0  printf0.o ABSOLUTE
    ../clib/microlib/printf/printf.c         0x00000000   Number         0  printf1.o ABSOLUTE
    ../clib/microlib/printf/printf.c         0x00000000   Number         0  printf2.o ABSOLUTE
    ../clib/microlib/printf/printf.c         0x00000000   Number         0  printf3.o ABSOLUTE
    ../clib/microlib/printf/printf.c         0x00000000   Number         0  printf4.o ABSOLUTE
    ../clib/microlib/printf/printf.c         0x00000000   Number         0  printf5.o ABSOLUTE
    ../clib/microlib/printf/printf.c         0x00000000   Number         0  printf6.o ABSOLUTE
    ../clib/microlib/printf/printf.c         0x00000000   Number         0  printf7.o ABSOLUTE
    ../clib/microlib/printf/printf.c         0x00000000   Number         0  printf8.o ABSOLUTE
    ../clib/microlib/printf/printf.c         0x00000000   Number         0  printfa.o ABSOLUTE
    ../clib/microlib/printf/stubs.s          0x00000000   Number         0  stubs.o ABSOLUTE
    ../clib/microlib/string/memset.c         0x00000000   Number         0  memseta.o ABSOLUTE
    ../clib/microlib/string/strcmp.c         0x00000000   Number         0  strcmp.o ABSOLUTE
    ../clib/microlib/string/strncmp.c        0x00000000   Number         0  strncmp.o ABSOLUTE
    ../clib/microlib/stubs.s                 0x00000000   Number         0  iusefp.o ABSOLUTE
    ../clib/microlib/stubs.s                 0x00000000   Number         0  useno.o ABSOLUTE
    ../fplib/microlib/fpadd.c                0x00000000   Number         0  dadd.o ABSOLUTE
    ../fplib/microlib/fpdiv.c                0x00000000   Number         0  ddiv.o ABSOLUTE
    ../fplib/microlib/fpdiv.c                0x00000000   Number         0  fdiv.o ABSOLUTE
    ../fplib/microlib/fpepilogue.c           0x00000000   Number         0  depilogue.o ABSOLUTE
    ../fplib/microlib/fpepilogue.c           0x00000000   Number         0  fepilogue.o ABSOLUTE
    ../fplib/microlib/fpfix.c                0x00000000   Number         0  dfixui.o ABSOLUTE
    ../fplib/microlib/fpfix.c                0x00000000   Number         0  dfixul.o ABSOLUTE
    ../fplib/microlib/fpfix.c                0x00000000   Number         0  ffixi.o ABSOLUTE
    ../fplib/microlib/fpflt.c                0x00000000   Number         0  ffltui.o ABSOLUTE
    ../fplib/microlib/fpflt.c                0x00000000   Number         0  dfltui.o ABSOLUTE
    ../fplib/microlib/fpmul.c                0x00000000   Number         0  dmul.o ABSOLUTE
    ../fplib/microlib/fpmul.c                0x00000000   Number         0  fmul.o ABSOLUTE
    Hardware\Key.c                           0x00000000   Number         0  key.o ABSOLUTE
    Hardware\LED.c                           0x00000000   Number         0  led.o ABSOLUTE
    Hardware\PWM.c                           0x00000000   Number         0  pwm.o ABSOLUTE
    Hardware\beep.c                          0x00000000   Number         0  beep.o ABSOLUTE
    Hardware\dht11.c                         0x00000000   Number         0  dht11.o ABSOLUTE
    Hardware\duoji.c                         0x00000000   Number         0  duoji.o ABSOLUTE
    Hardware\hc_sr04.c                       0x00000000   Number         0  hc_sr04.o ABSOLUTE
    Hardware\lcd.c                           0x00000000   Number         0  lcd.o ABSOLUTE
    Hardware\light.c                         0x00000000   Number         0  light.o ABSOLUTE
    Hardware\ziku.c                          0x00000000   Number         0  ziku.o ABSOLUTE
    Library\misc.c                           0x00000000   Number         0  misc.o ABSOLUTE
    Library\stm32f10x_adc.c                  0x00000000   Number         0  stm32f10x_adc.o ABSOLUTE
    Library\stm32f10x_bkp.c                  0x00000000   Number         0  stm32f10x_bkp.o ABSOLUTE
    Library\stm32f10x_can.c                  0x00000000   Number         0  stm32f10x_can.o ABSOLUTE
    Library\stm32f10x_cec.c                  0x00000000   Number         0  stm32f10x_cec.o ABSOLUTE
    Library\stm32f10x_crc.c                  0x00000000   Number         0  stm32f10x_crc.o ABSOLUTE
    Library\stm32f10x_dac.c                  0x00000000   Number         0  stm32f10x_dac.o ABSOLUTE
    Library\stm32f10x_dbgmcu.c               0x00000000   Number         0  stm32f10x_dbgmcu.o ABSOLUTE
    Library\stm32f10x_dma.c                  0x00000000   Number         0  stm32f10x_dma.o ABSOLUTE
    Library\stm32f10x_exti.c                 0x00000000   Number         0  stm32f10x_exti.o ABSOLUTE
    Library\stm32f10x_flash.c                0x00000000   Number         0  stm32f10x_flash.o ABSOLUTE
    Library\stm32f10x_fsmc.c                 0x00000000   Number         0  stm32f10x_fsmc.o ABSOLUTE
    Library\stm32f10x_gpio.c                 0x00000000   Number         0  stm32f10x_gpio.o ABSOLUTE
    Library\stm32f10x_i2c.c                  0x00000000   Number         0  stm32f10x_i2c.o ABSOLUTE
    Library\stm32f10x_iwdg.c                 0x00000000   Number         0  stm32f10x_iwdg.o ABSOLUTE
    Library\stm32f10x_pwr.c                  0x00000000   Number         0  stm32f10x_pwr.o ABSOLUTE
    Library\stm32f10x_rcc.c                  0x00000000   Number         0  stm32f10x_rcc.o ABSOLUTE
    Library\stm32f10x_rtc.c                  0x00000000   Number         0  stm32f10x_rtc.o ABSOLUTE
    Library\stm32f10x_sdio.c                 0x00000000   Number         0  stm32f10x_sdio.o ABSOLUTE
    Library\stm32f10x_spi.c                  0x00000000   Number         0  stm32f10x_spi.o ABSOLUTE
    Library\stm32f10x_tim.c                  0x00000000   Number         0  stm32f10x_tim.o ABSOLUTE
    Library\stm32f10x_usart.c                0x00000000   Number         0  stm32f10x_usart.o ABSOLUTE
    Library\stm32f10x_wwdg.c                 0x00000000   Number         0  stm32f10x_wwdg.o ABSOLUTE
    Start\\core_cm3.c                        0x00000000   Number         0  core_cm3.o ABSOLUTE
    Start\core_cm3.c                         0x00000000   Number         0  core_cm3.o ABSOLUTE
    Start\startup_stm32f10x_hd.s             0x00000000   Number         0  startup_stm32f10x_hd.o ABSOLUTE
    Start\system_stm32f10x.c                 0x00000000   Number         0  system_stm32f10x.o ABSOLUTE
    System\Delay.c                           0x00000000   Number         0  delay.o ABSOLUTE
    System\\sys.c                            0x00000000   Number         0  sys.o ABSOLUTE
    System\sys.c                             0x00000000   Number         0  sys.o ABSOLUTE
    System\timer.c                           0x00000000   Number         0  timer.o ABSOLUTE
    USART\usart.c                            0x00000000   Number         0  usart.o ABSOLUTE
    User\BH1750.c                            0x00000000   Number         0  bh1750.o ABSOLUTE
    User\esp.c                               0x00000000   Number         0  esp.o ABSOLUTE
    User\main.c                              0x00000000   Number         0  main.o ABSOLUTE
    User\mq135.c                             0x00000000   Number         0  mq135.o ABSOLUTE
    User\stm32f10x_it.c                      0x00000000   Number         0  stm32f10x_it.o ABSOLUTE
    cdrcmple.s                               0x00000000   Number         0  cdrcmple.o ABSOLUTE
    dc.s                                     0x00000000   Number         0  dc.o ABSOLUTE
    handlers.s                               0x00000000   Number         0  handlers.o ABSOLUTE
    init.s                                   0x00000000   Number         0  init.o ABSOLUTE
    RESET                                    0x08000000   Section      304  startup_stm32f10x_hd.o(RESET)
    .ARM.Collect$$$$00000000                 0x08000130   Section        0  entry.o(.ARM.Collect$$$$00000000)
    .ARM.Collect$$$$00000001                 0x08000130   Section        4  entry2.o(.ARM.Collect$$$$00000001)
    .ARM.Collect$$$$00000004                 0x08000134   Section        4  entry5.o(.ARM.Collect$$$$00000004)
    .ARM.Collect$$$$00000008                 0x08000138   Section        0  entry7b.o(.ARM.Collect$$$$00000008)
    .ARM.Collect$$$$0000000A                 0x08000138   Section        0  entry8b.o(.ARM.Collect$$$$0000000A)
    .ARM.Collect$$$$0000000B                 0x08000138   Section        8  entry9a.o(.ARM.Collect$$$$0000000B)
    .ARM.Collect$$$$0000000D                 0x08000140   Section        0  entry10a.o(.ARM.Collect$$$$0000000D)
    .ARM.Collect$$$$0000000F                 0x08000140   Section        0  entry11a.o(.ARM.Collect$$$$0000000F)
    .ARM.Collect$$$$00002712                 0x08000140   Section        4  entry2.o(.ARM.Collect$$$$00002712)
    __lit__00000000                          0x08000140   Data           4  entry2.o(.ARM.Collect$$$$00002712)
    .text                                    0x08000144   Section       36  startup_stm32f10x_hd.o(.text)
    .text                                    0x08000168   Section        0  memseta.o(.text)
    .text                                    0x0800018c   Section        0  strcmp.o(.text)
    .text                                    0x080001a8   Section        0  strncmp.o(.text)
    .text                                    0x080001c6   Section        0  fmul.o(.text)
    .text                                    0x0800022a   Section        0  fdiv.o(.text)
    .text                                    0x080002a6   Section        0  dadd.o(.text)
    .text                                    0x080003f4   Section        0  dmul.o(.text)
    .text                                    0x080004d8   Section        0  ddiv.o(.text)
    .text                                    0x080005b6   Section        0  ffltui.o(.text)
    .text                                    0x080005c0   Section        0  dfltui.o(.text)
    .text                                    0x080005da   Section        0  ffixi.o(.text)
    .text                                    0x0800060c   Section        0  dfixui.o(.text)
    .text                                    0x0800063e   Section        0  uidiv.o(.text)
    .text                                    0x0800066a   Section        0  llshl.o(.text)
    .text                                    0x08000688   Section        0  llushr.o(.text)
    .text                                    0x080006a8   Section        0  llsshr.o(.text)
    .text                                    0x080006cc   Section        0  fepilogue.o(.text)
    .text                                    0x080006cc   Section        0  iusefp.o(.text)
    .text                                    0x0800073a   Section        0  depilogue.o(.text)
    .text                                    0x080007f4   Section       36  init.o(.text)
    i.ADC_Cmd                                0x08000818   Section        0  stm32f10x_adc.o(i.ADC_Cmd)
    i.ADC_DeInit                             0x08000830   Section        0  stm32f10x_adc.o(i.ADC_DeInit)
    i.ADC_GetCalibrationStatus               0x0800088c   Section        0  stm32f10x_adc.o(i.ADC_GetCalibrationStatus)
    i.ADC_GetConversionValue                 0x080008a0   Section        0  stm32f10x_adc.o(i.ADC_GetConversionValue)
    i.ADC_GetFlagStatus                      0x080008a8   Section        0  stm32f10x_adc.o(i.ADC_GetFlagStatus)
    i.ADC_GetResetCalibrationStatus          0x080008ba   Section        0  stm32f10x_adc.o(i.ADC_GetResetCalibrationStatus)
    i.ADC_Init                               0x080008d0   Section        0  stm32f10x_adc.o(i.ADC_Init)
    i.ADC_RegularChannelConfig               0x08000920   Section        0  stm32f10x_adc.o(i.ADC_RegularChannelConfig)
    i.ADC_ResetCalibration                   0x080009d8   Section        0  stm32f10x_adc.o(i.ADC_ResetCalibration)
    i.ADC_SoftwareStartConvCmd               0x080009e2   Section        0  stm32f10x_adc.o(i.ADC_SoftwareStartConvCmd)
    i.ADC_StartCalibration                   0x080009f8   Section        0  stm32f10x_adc.o(i.ADC_StartCalibration)
    i.Adc_Init                               0x08000a04   Section        0  mq135.o(i.Adc_Init)
    i.BH1750_Byte_Write                      0x08000a90   Section        0  bh1750.o(i.BH1750_Byte_Write)
    i.BH1750_Init                            0x08000ac2   Section        0  bh1750.o(i.BH1750_Init)
    i.BH1750_Power_ON                        0x08000ad4   Section        0  bh1750.o(i.BH1750_Power_ON)
    i.BH1750_Read_Measure                    0x08000ade   Section        0  bh1750.o(i.BH1750_Read_Measure)
    i.BusFault_Handler                       0x08000b18   Section        0  stm32f10x_it.o(i.BusFault_Handler)
    i.CommandAnalyse                         0x08000b1c   Section        0  esp.o(i.CommandAnalyse)
    i.CommandAnalyse2                        0x08000c6c   Section        0  esp.o(i.CommandAnalyse2)
    i.DHT11_GPIO_Config                      0x08000fc8   Section        0  dht11.o(i.DHT11_GPIO_Config)
    i.DHT11_Mode_IPU                         0x08001000   Section        0  dht11.o(i.DHT11_Mode_IPU)
    i.DHT11_Mode_Out_PP                      0x08001020   Section        0  dht11.o(i.DHT11_Mode_Out_PP)
    i.DebugMon_Handler                       0x08001044   Section        0  stm32f10x_it.o(i.DebugMon_Handler)
    i.Esp_PUB                                0x08001048   Section        0  esp.o(i.Esp_PUB)
    i.FSMC_NORSRAMCmd                        0x0800112c   Section        0  stm32f10x_fsmc.o(i.FSMC_NORSRAMCmd)
    i.FSMC_NORSRAMInit                       0x08001160   Section        0  stm32f10x_fsmc.o(i.FSMC_NORSRAMInit)
    i.GPIO_Init                              0x08001246   Section        0  stm32f10x_gpio.o(i.GPIO_Init)
    i.GPIO_ReadInputDataBit                  0x0800135c   Section        0  stm32f10x_gpio.o(i.GPIO_ReadInputDataBit)
    i.GPIO_ResetBits                         0x0800136e   Section        0  stm32f10x_gpio.o(i.GPIO_ResetBits)
    i.GPIO_SetBits                           0x08001372   Section        0  stm32f10x_gpio.o(i.GPIO_SetBits)
    i.Get_Adc                                0x08001378   Section        0  mq135.o(i.Get_Adc)
    i.Get_Adc_Average                        0x080013ac   Section        0  mq135.o(i.Get_Adc_Average)
    i.HCSR04_Get                             0x080013dc   Section        0  hc_sr04.o(i.HCSR04_Get)
    i.HCSR04_Start                           0x08001430   Section        0  hc_sr04.o(i.HCSR04_Start)
    i.HC_Init                                0x08001454   Section        0  hc_sr04.o(i.HC_Init)
    i.HardFault_Handler                      0x080014a0   Section        0  stm32f10x_it.o(i.HardFault_Handler)
    i.I2C_BH1750_GPIOConfig                  0x080014a4   Section        0  bh1750.o(i.I2C_BH1750_GPIOConfig)
    I2C_BH1750_GPIOConfig                    0x080014a5   Thumb Code    42  bh1750.o(i.I2C_BH1750_GPIOConfig)
    i.Init                                   0x080014d4   Section        0  main.o(i.Init)
    i.Key_Init                               0x08001560   Section        0  key.o(i.Key_Init)
    i.LCD_Clear                              0x0800158c   Section        0  lcd.o(i.LCD_Clear)
    i.LCD_Display_Dir                        0x080015f8   Section        0  lcd.o(i.LCD_Display_Dir)
    i.LCD_Fast_DrawPoint                     0x080017f8   Section        0  lcd.o(i.LCD_Fast_DrawPoint)
    i.LCD_Init                               0x080019c0   Section        0  lcd.o(i.LCD_Init)
    i.LCD_Pow                                0x08005304   Section        0  lcd.o(i.LCD_Pow)
    i.LCD_RD_DATA                            0x0800531a   Section        0  lcd.o(i.LCD_RD_DATA)
    i.LCD_SSD_BackLightSet                   0x0800532c   Section        0  lcd.o(i.LCD_SSD_BackLightSet)
    i.LCD_Scan_Dir                           0x08005380   Section        0  lcd.o(i.LCD_Scan_Dir)
    i.LCD_SetCursor                          0x08005678   Section        0  lcd.o(i.LCD_SetCursor)
    i.LCD_ShowChar                           0x08005888   Section        0  lcd.o(i.LCD_ShowChar)
    i.LCD_ShowNum                            0x080059b0   Section        0  lcd.o(i.LCD_ShowNum)
    i.LCD_ShowString                         0x08005a44   Section        0  lcd.o(i.LCD_ShowString)
    i.LCD_WR_DATA                            0x08005aaa   Section        0  lcd.o(i.LCD_WR_DATA)
    i.LCD_WR_REG                             0x08005ab4   Section        0  lcd.o(i.LCD_WR_REG)
    i.LCD_WriteRAM_Prepare                   0x08005ac0   Section        0  lcd.o(i.LCD_WriteRAM_Prepare)
    i.LCD_WriteReg                           0x08005ad4   Section        0  lcd.o(i.LCD_WriteReg)
    i.LED1_OFF                               0x08005ae4   Section        0  led.o(i.LED1_OFF)
    i.LED1_ON                                0x08005af4   Section        0  led.o(i.LED1_ON)
    i.LED_Init                               0x08005b04   Section        0  led.o(i.LED_Init)
    i.LIght_Intensity                        0x08005b38   Section        0  bh1750.o(i.LIght_Intensity)
    i.Light_Get                              0x08005b5c   Section        0  light.o(i.Light_Get)
    i.Light_Init                             0x08005b70   Section        0  light.o(i.Light_Init)
    i.MemManage_Handler                      0x08005b9c   Section        0  stm32f10x_it.o(i.MemManage_Handler)
    i.NMI_Handler                            0x08005ba0   Section        0  stm32f10x_it.o(i.NMI_Handler)
    i.NVIC_Init                              0x08005ba4   Section        0  misc.o(i.NVIC_Init)
    i.NVIC_PriorityGroupConfig               0x08005c14   Section        0  misc.o(i.NVIC_PriorityGroupConfig)
    i.PWM_Init                               0x08005c28   Section        0  pwm.o(i.PWM_Init)
    i.PWM_Speed                              0x08005cc4   Section        0  pwm.o(i.PWM_Speed)
    i.PendSV_Handler                         0x08005d14   Section        0  stm32f10x_it.o(i.PendSV_Handler)
    i.RCC_ADCCLKConfig                       0x08005d18   Section        0  stm32f10x_rcc.o(i.RCC_ADCCLKConfig)
    i.RCC_AHBPeriphClockCmd                  0x08005d30   Section        0  stm32f10x_rcc.o(i.RCC_AHBPeriphClockCmd)
    i.RCC_APB1PeriphClockCmd                 0x08005d50   Section        0  stm32f10x_rcc.o(i.RCC_APB1PeriphClockCmd)
    i.RCC_APB2PeriphClockCmd                 0x08005d70   Section        0  stm32f10x_rcc.o(i.RCC_APB2PeriphClockCmd)
    i.RCC_APB2PeriphResetCmd                 0x08005d90   Section        0  stm32f10x_rcc.o(i.RCC_APB2PeriphResetCmd)
    i.RCC_GetClocksFreq                      0x08005db0   Section        0  stm32f10x_rcc.o(i.RCC_GetClocksFreq)
    i.Read_Byte                              0x08005e84   Section        0  dht11.o(i.Read_Byte)
    i.SVC_Handler                            0x08005ee4   Section        0  stm32f10x_it.o(i.SVC_Handler)
    i.SetSysClock                            0x08005ee6   Section        0  system_stm32f10x.o(i.SetSysClock)
    SetSysClock                              0x08005ee7   Thumb Code     8  system_stm32f10x.o(i.SetSysClock)
    i.SetSysClockTo72                        0x08005ef0   Section        0  system_stm32f10x.o(i.SetSysClockTo72)
    SetSysClockTo72                          0x08005ef1   Thumb Code   214  system_stm32f10x.o(i.SetSysClockTo72)
    i.SysTick_Handler                        0x08005fd0   Section        0  stm32f10x_it.o(i.SysTick_Handler)
    i.SystemInit                             0x08005fd4   Section        0  system_stm32f10x.o(i.SystemInit)
    i.TIM2_IRQHandler                        0x08006034   Section        0  timer.o(i.TIM2_IRQHandler)
    i.TIM_ClearFlag                          0x0800606c   Section        0  stm32f10x_tim.o(i.TIM_ClearFlag)
    i.TIM_ClearITPendingBit                  0x08006072   Section        0  stm32f10x_tim.o(i.TIM_ClearITPendingBit)
    i.TIM_Cmd                                0x08006078   Section        0  stm32f10x_tim.o(i.TIM_Cmd)
    i.TIM_GetITStatus                        0x08006090   Section        0  stm32f10x_tim.o(i.TIM_GetITStatus)
    i.TIM_ITConfig                           0x080060b2   Section        0  stm32f10x_tim.o(i.TIM_ITConfig)
    i.TIM_Init                               0x080060c4   Section        0  timer.o(i.TIM_Init)
    i.TIM_InternalClockConfig                0x08006148   Section        0  stm32f10x_tim.o(i.TIM_InternalClockConfig)
    i.TIM_OC3Init                            0x08006154   Section        0  stm32f10x_tim.o(i.TIM_OC3Init)
    i.TIM_OC4Init                            0x080061f4   Section        0  stm32f10x_tim.o(i.TIM_OC4Init)
    i.TIM_OCStructInit                       0x08006270   Section        0  stm32f10x_tim.o(i.TIM_OCStructInit)
    i.TIM_SetCompare3                        0x08006284   Section        0  stm32f10x_tim.o(i.TIM_SetCompare3)
    i.TIM_SetCompare4                        0x08006288   Section        0  stm32f10x_tim.o(i.TIM_SetCompare4)
    i.TIM_TimeBaseInit                       0x08006290   Section        0  stm32f10x_tim.o(i.TIM_TimeBaseInit)
    i.USART1_IRQHandler                      0x08006334   Section        0  usart.o(i.USART1_IRQHandler)
    i.USART1_Init                            0x080063ac   Section        0  usart.o(i.USART1_Init)
    i.USART3_IRQHandler                      0x08006458   Section        0  usart.o(i.USART3_IRQHandler)
    i.USART3_Init                            0x080064d4   Section        0  usart.o(i.USART3_Init)
    i.USART3_SendStr                         0x0800658c   Section        0  usart.o(i.USART3_SendStr)
    i.USART_Cmd                              0x080065b8   Section        0  stm32f10x_usart.o(i.USART_Cmd)
    i.USART_GetFlagStatus                    0x080065d0   Section        0  stm32f10x_usart.o(i.USART_GetFlagStatus)
    i.USART_GetITStatus                      0x080065ea   Section        0  stm32f10x_usart.o(i.USART_GetITStatus)
    i.USART_ITConfig                         0x0800663e   Section        0  stm32f10x_usart.o(i.USART_ITConfig)
    i.USART_Init                             0x08006688   Section        0  stm32f10x_usart.o(i.USART_Init)
    i.USART_ReceiveData                      0x08006760   Section        0  stm32f10x_usart.o(i.USART_ReceiveData)
    i.USART_SendData                         0x0800676a   Section        0  stm32f10x_usart.o(i.USART_SendData)
    i.Uart1_SendString                       0x08006772   Section        0  usart.o(i.Uart1_SendString)
    i.Uart1_Send_Byte                        0x0800678c   Section        0  usart.o(i.Uart1_Send_Byte)
    i.UsageFault_Handler                     0x080067ac   Section        0  stm32f10x_it.o(i.UsageFault_Handler)
    i.__0printf$3                            0x080067b0   Section        0  printf3.o(i.__0printf$3)
    i.__scatterload_copy                     0x080067d0   Section       14  handlers.o(i.__scatterload_copy)
    i.__scatterload_null                     0x080067de   Section        2  handlers.o(i.__scatterload_null)
    i.__scatterload_zeroinit                 0x080067e0   Section       14  handlers.o(i.__scatterload_zeroinit)
    i._printf_core                           0x080067f0   Section        0  printf3.o(i._printf_core)
    _printf_core                             0x080067f1   Thumb Code   436  printf3.o(i._printf_core)
    i.beep_Init                              0x080069a8   Section        0  beep.o(i.beep_Init)
    i.beep_sys                               0x080069dc   Section        0  beep.o(i.beep_sys)
    i.delay_ms                               0x08006a10   Section        0  delay.o(i.delay_ms)
    i.delay_us                               0x08006a28   Section        0  delay.o(i.delay_us)
    i.dht_Readdata                           0x08006a58   Section        0  dht11.o(i.dht_Readdata)
    i.esp_Init                               0x08006b08   Section        0  esp.o(i.esp_Init)
    i.fputc                                  0x08006cd8   Section        0  usart.o(i.fputc)
    i.get_real_value                         0x08006ce8   Section        0  mq135.o(i.get_real_value)
    i.i2c_Ack                                0x08006d50   Section        0  bh1750.o(i.i2c_Ack)
    i.i2c_CheckDevice                        0x08006d80   Section        0  bh1750.o(i.i2c_CheckDevice)
    i.i2c_Delay                              0x08006d9c   Section        0  bh1750.o(i.i2c_Delay)
    i2c_Delay                                0x08006d9d   Thumb Code    14  bh1750.o(i.i2c_Delay)
    i.i2c_NAck                               0x08006dac   Section        0  bh1750.o(i.i2c_NAck)
    i.i2c_ReadByte                           0x08006dd4   Section        0  bh1750.o(i.i2c_ReadByte)
    i.i2c_SendByte                           0x08006e18   Section        0  bh1750.o(i.i2c_SendByte)
    i.i2c_Start                              0x08006e6c   Section        0  bh1750.o(i.i2c_Start)
    i.i2c_Stop                               0x08006e9c   Section        0  bh1750.o(i.i2c_Stop)
    i.i2c_WaitAck                            0x08006ebc   Section        0  bh1750.o(i.i2c_WaitAck)
    i.main                                   0x08006ef8   Section        0  main.o(i.main)
    .constdata                               0x0800732c   Section     6080  lcd.o(.constdata)
    .conststring                             0x08008aec   Section      563  esp.o(.conststring)
    .data                                    0x20000000   Section       20  stm32f10x_rcc.o(.data)
    APBAHBPrescTable                         0x20000000   Data          16  stm32f10x_rcc.o(.data)
    ADCPrescTable                            0x20000010   Data           4  stm32f10x_rcc.o(.data)
    .data                                    0x20000014   Section        4  lcd.o(.data)
    .data                                    0x20000018   Section        2  hc_sr04.o(.data)
    .data                                    0x2000001a   Section       16  main.o(.data)
    .data                                    0x2000002c   Section       76  esp.o(.data)
    .data                                    0x20000078   Section        8  usart.o(.data)
    .bss                                     0x20000080   Section       14  lcd.o(.bss)
    .bss                                     0x2000008e   Section     1500  usart.o(.bss)
    STACK                                    0x20000670   Section     1024  startup_stm32f10x_hd.o(STACK)

    Global Symbols

    Symbol Name                              Value     Ov Type        Size  Object(Section)

    BuildAttributes$$THM_ISAv4$P$D$K$B$S$PE$A:L22UL41UL21$X:L11$S22US41US21$IEEE1$IW$USESV6$~STKCKD$USESV7$~SHL$OTIME$ROPI$EBA8$MICROLIB$REQ8$PRES8$EABIv2 0x00000000   Number         0  anon$$obj.o ABSOLUTE
    __ARM_use_no_argv                        0x00000000   Number         0  main.o ABSOLUTE
    __use_no_errno                           0x00000000   Number         0  useno.o ABSOLUTE
    __use_no_exception_handling              0x00000000   Number         0  useno.o ABSOLUTE
    __use_no_fp                              0x00000000   Number         0  useno.o ABSOLUTE
    __use_no_heap                            0x00000000   Number         0  useno.o ABSOLUTE
    __use_no_heap_region                     0x00000000   Number         0  useno.o ABSOLUTE
    __use_no_semihosting                     0x00000000   Number         0  useno.o ABSOLUTE
    __use_no_semihosting_swi                 0x00000000   Number         0  useno.o ABSOLUTE
    __use_no_signal_handling                 0x00000000   Number         0  useno.o ABSOLUTE
    _printf_a                                0x00000000   Number         0  stubs.o ABSOLUTE
    _printf_c                                0x00000000   Number         0  stubs.o ABSOLUTE
    _printf_charcount                        0x00000000   Number         0  stubs.o ABSOLUTE
    _printf_d                                0x00000000   Number         0  stubs.o ABSOLUTE
    _printf_e                                0x00000000   Number         0  stubs.o ABSOLUTE
    _printf_f                                0x00000000   Number         0  stubs.o ABSOLUTE
    _printf_flags                            0x00000000   Number         0  stubs.o ABSOLUTE
    _printf_fp_dec                           0x00000000   Number         0  stubs.o ABSOLUTE
    _printf_fp_hex                           0x00000000   Number         0  stubs.o ABSOLUTE
    _printf_g                                0x00000000   Number         0  stubs.o ABSOLUTE
    _printf_i                                0x00000000   Number         0  stubs.o ABSOLUTE
    _printf_int_dec                          0x00000000   Number         0  stubs.o ABSOLUTE
    _printf_l                                0x00000000   Number         0  stubs.o ABSOLUTE
    _printf_lc                               0x00000000   Number         0  stubs.o ABSOLUTE
    _printf_ll                               0x00000000   Number         0  stubs.o ABSOLUTE
    _printf_lld                              0x00000000   Number         0  stubs.o ABSOLUTE
    _printf_lli                              0x00000000   Number         0  stubs.o ABSOLUTE
    _printf_llo                              0x00000000   Number         0  stubs.o ABSOLUTE
    _printf_llu                              0x00000000   Number         0  stubs.o ABSOLUTE
    _printf_llx                              0x00000000   Number         0  stubs.o ABSOLUTE
    _printf_longlong_dec                     0x00000000   Number         0  stubs.o ABSOLUTE
    _printf_longlong_hex                     0x00000000   Number         0  stubs.o ABSOLUTE
    _printf_longlong_oct                     0x00000000   Number         0  stubs.o ABSOLUTE
    _printf_ls                               0x00000000   Number         0  stubs.o ABSOLUTE
    _printf_mbtowc                           0x00000000   Number         0  stubs.o ABSOLUTE
    _printf_n                                0x00000000   Number         0  stubs.o ABSOLUTE
    _printf_o                                0x00000000   Number         0  stubs.o ABSOLUTE
    _printf_p                                0x00000000   Number         0  stubs.o ABSOLUTE
    _printf_percent                          0x00000000   Number         0  stubs.o ABSOLUTE
    _printf_pre_padding                      0x00000000   Number         0  stubs.o ABSOLUTE
    _printf_return_value                     0x00000000   Number         0  stubs.o ABSOLUTE
    _printf_s                                0x00000000   Number         0  stubs.o ABSOLUTE
    _printf_sizespec                         0x00000000   Number         0  stubs.o ABSOLUTE
    _printf_str                              0x00000000   Number         0  stubs.o ABSOLUTE
    _printf_truncate_signed                  0x00000000   Number         0  stubs.o ABSOLUTE
    _printf_truncate_unsigned                0x00000000   Number         0  stubs.o ABSOLUTE
    _printf_u                                0x00000000   Number         0  stubs.o ABSOLUTE
    _printf_wc                               0x00000000   Number         0  stubs.o ABSOLUTE
    _printf_wctomb                           0x00000000   Number         0  stubs.o ABSOLUTE
    _printf_widthprec                        0x00000000   Number         0  stubs.o ABSOLUTE
    _printf_x                                0x00000000   Number         0  stubs.o ABSOLUTE
    __cpp_initialize__aeabi_                  - Undefined Weak Reference
    __cxa_finalize                            - Undefined Weak Reference
    __decompress                              - Undefined Weak Reference
    _clock_init                               - Undefined Weak Reference
    _microlib_exit                            - Undefined Weak Reference
    __Vectors_Size                           0x00000130   Number         0  startup_stm32f10x_hd.o ABSOLUTE
    __Vectors                                0x08000000   Data           4  startup_stm32f10x_hd.o(RESET)
    __Vectors_End                            0x08000130   Data           0  startup_stm32f10x_hd.o(RESET)
    __main                                   0x08000131   Thumb Code     0  entry.o(.ARM.Collect$$$$00000000)
    _main_stk                                0x08000131   Thumb Code     0  entry2.o(.ARM.Collect$$$$00000001)
    _main_scatterload                        0x08000135   Thumb Code     0  entry5.o(.ARM.Collect$$$$00000004)
    __main_after_scatterload                 0x08000139   Thumb Code     0  entry5.o(.ARM.Collect$$$$00000004)
    _main_clock                              0x08000139   Thumb Code     0  entry7b.o(.ARM.Collect$$$$00000008)
    _main_cpp_init                           0x08000139   Thumb Code     0  entry8b.o(.ARM.Collect$$$$0000000A)
    _main_init                               0x08000139   Thumb Code     0  entry9a.o(.ARM.Collect$$$$0000000B)
    __rt_final_cpp                           0x08000141   Thumb Code     0  entry10a.o(.ARM.Collect$$$$0000000D)
    __rt_final_exit                          0x08000141   Thumb Code     0  entry11a.o(.ARM.Collect$$$$0000000F)
    Reset_Handler                            0x08000145   Thumb Code     8  startup_stm32f10x_hd.o(.text)
    ADC1_2_IRQHandler                        0x0800015f   Thumb Code     0  startup_stm32f10x_hd.o(.text)
    ADC3_IRQHandler                          0x0800015f   Thumb Code     0  startup_stm32f10x_hd.o(.text)
    CAN1_RX1_IRQHandler                      0x0800015f   Thumb Code     0  startup_stm32f10x_hd.o(.text)
    CAN1_SCE_IRQHandler                      0x0800015f   Thumb Code     0  startup_stm32f10x_hd.o(.text)
    DMA1_Channel1_IRQHandler                 0x0800015f   Thumb Code     0  startup_stm32f10x_hd.o(.text)
    DMA1_Channel2_IRQHandler                 0x0800015f   Thumb Code     0  startup_stm32f10x_hd.o(.text)
    DMA1_Channel3_IRQHandler                 0x0800015f   Thumb Code     0  startup_stm32f10x_hd.o(.text)
    DMA1_Channel4_IRQHandler                 0x0800015f   Thumb Code     0  startup_stm32f10x_hd.o(.text)
    DMA1_Channel5_IRQHandler                 0x0800015f   Thumb Code     0  startup_stm32f10x_hd.o(.text)
    DMA1_Channel6_IRQHandler                 0x0800015f   Thumb Code     0  startup_stm32f10x_hd.o(.text)
    DMA1_Channel7_IRQHandler                 0x0800015f   Thumb Code     0  startup_stm32f10x_hd.o(.text)
    DMA2_Channel1_IRQHandler                 0x0800015f   Thumb Code     0  startup_stm32f10x_hd.o(.text)
    DMA2_Channel2_IRQHandler                 0x0800015f   Thumb Code     0  startup_stm32f10x_hd.o(.text)
    DMA2_Channel3_IRQHandler                 0x0800015f   Thumb Code     0  startup_stm32f10x_hd.o(.text)
    DMA2_Channel4_5_IRQHandler               0x0800015f   Thumb Code     0  startup_stm32f10x_hd.o(.text)
    EXTI0_IRQHandler                         0x0800015f   Thumb Code     0  startup_stm32f10x_hd.o(.text)
    EXTI15_10_IRQHandler                     0x0800015f   Thumb Code     0  startup_stm32f10x_hd.o(.text)
    EXTI1_IRQHandler                         0x0800015f   Thumb Code     0  startup_stm32f10x_hd.o(.text)
    EXTI2_IRQHandler                         0x0800015f   Thumb Code     0  startup_stm32f10x_hd.o(.text)
    EXTI3_IRQHandler                         0x0800015f   Thumb Code     0  startup_stm32f10x_hd.o(.text)
    EXTI4_IRQHandler                         0x0800015f   Thumb Code     0  startup_stm32f10x_hd.o(.text)
    EXTI9_5_IRQHandler                       0x0800015f   Thumb Code     0  startup_stm32f10x_hd.o(.text)
    FLASH_IRQHandler                         0x0800015f   Thumb Code     0  startup_stm32f10x_hd.o(.text)
    FSMC_IRQHandler                          0x0800015f   Thumb Code     0  startup_stm32f10x_hd.o(.text)
    I2C1_ER_IRQHandler                       0x0800015f   Thumb Code     0  startup_stm32f10x_hd.o(.text)
    I2C1_EV_IRQHandler                       0x0800015f   Thumb Code     0  startup_stm32f10x_hd.o(.text)
    I2C2_ER_IRQHandler                       0x0800015f   Thumb Code     0  startup_stm32f10x_hd.o(.text)
    I2C2_EV_IRQHandler                       0x0800015f   Thumb Code     0  startup_stm32f10x_hd.o(.text)
    PVD_IRQHandler                           0x0800015f   Thumb Code     0  startup_stm32f10x_hd.o(.text)
    RCC_IRQHandler                           0x0800015f   Thumb Code     0  startup_stm32f10x_hd.o(.text)
    RTCAlarm_IRQHandler                      0x0800015f   Thumb Code     0  startup_stm32f10x_hd.o(.text)
    RTC_IRQHandler                           0x0800015f   Thumb Code     0  startup_stm32f10x_hd.o(.text)
    SDIO_IRQHandler                          0x0800015f   Thumb Code     0  startup_stm32f10x_hd.o(.text)
    SPI1_IRQHandler                          0x0800015f   Thumb Code     0  startup_stm32f10x_hd.o(.text)
    SPI2_IRQHandler                          0x0800015f   Thumb Code     0  startup_stm32f10x_hd.o(.text)
    SPI3_IRQHandler                          0x0800015f   Thumb Code     0  startup_stm32f10x_hd.o(.text)
    TAMPER_IRQHandler                        0x0800015f   Thumb Code     0  startup_stm32f10x_hd.o(.text)
    TIM1_BRK_IRQHandler                      0x0800015f   Thumb Code     0  startup_stm32f10x_hd.o(.text)
    TIM1_CC_IRQHandler                       0x0800015f   Thumb Code     0  startup_stm32f10x_hd.o(.text)
    TIM1_TRG_COM_IRQHandler                  0x0800015f   Thumb Code     0  startup_stm32f10x_hd.o(.text)
    TIM1_UP_IRQHandler                       0x0800015f   Thumb Code     0  startup_stm32f10x_hd.o(.text)
    TIM3_IRQHandler                          0x0800015f   Thumb Code     0  startup_stm32f10x_hd.o(.text)
    TIM4_IRQHandler                          0x0800015f   Thumb Code     0  startup_stm32f10x_hd.o(.text)
    TIM5_IRQHandler                          0x0800015f   Thumb Code     0  startup_stm32f10x_hd.o(.text)
    TIM6_IRQHandler                          0x0800015f   Thumb Code     0  startup_stm32f10x_hd.o(.text)
    TIM7_IRQHandler                          0x0800015f   Thumb Code     0  startup_stm32f10x_hd.o(.text)
    TIM8_BRK_IRQHandler                      0x0800015f   Thumb Code     0  startup_stm32f10x_hd.o(.text)
    TIM8_CC_IRQHandler                       0x0800015f   Thumb Code     0  startup_stm32f10x_hd.o(.text)
    TIM8_TRG_COM_IRQHandler                  0x0800015f   Thumb Code     0  startup_stm32f10x_hd.o(.text)
    TIM8_UP_IRQHandler                       0x0800015f   Thumb Code     0  startup_stm32f10x_hd.o(.text)
    UART4_IRQHandler                         0x0800015f   Thumb Code     0  startup_stm32f10x_hd.o(.text)
    UART5_IRQHandler                         0x0800015f   Thumb Code     0  startup_stm32f10x_hd.o(.text)
    USART2_IRQHandler                        0x0800015f   Thumb Code     0  startup_stm32f10x_hd.o(.text)
    USBWakeUp_IRQHandler                     0x0800015f   Thumb Code     0  startup_stm32f10x_hd.o(.text)
    USB_HP_CAN1_TX_IRQHandler                0x0800015f   Thumb Code     0  startup_stm32f10x_hd.o(.text)
    USB_LP_CAN1_RX0_IRQHandler               0x0800015f   Thumb Code     0  startup_stm32f10x_hd.o(.text)
    WWDG_IRQHandler                          0x0800015f   Thumb Code     0  startup_stm32f10x_hd.o(.text)
    __aeabi_memset                           0x08000169   Thumb Code    14  memseta.o(.text)
    __aeabi_memset4                          0x08000169   Thumb Code     0  memseta.o(.text)
    __aeabi_memset8                          0x08000169   Thumb Code     0  memseta.o(.text)
    __aeabi_memclr                           0x08000177   Thumb Code     4  memseta.o(.text)
    __aeabi_memclr4                          0x08000177   Thumb Code     0  memseta.o(.text)
    __aeabi_memclr8                          0x08000177   Thumb Code     0  memseta.o(.text)
    _memset$wrapper                          0x0800017b   Thumb Code    18  memseta.o(.text)
    strcmp                                   0x0800018d   Thumb Code    28  strcmp.o(.text)
    strncmp                                  0x080001a9   Thumb Code    30  strncmp.o(.text)
    __aeabi_fmul                             0x080001c7   Thumb Code   100  fmul.o(.text)
    __aeabi_fdiv                             0x0800022b   Thumb Code   124  fdiv.o(.text)
    __aeabi_dadd                             0x080002a7   Thumb Code   322  dadd.o(.text)
    __aeabi_dsub                             0x080003e9   Thumb Code     6  dadd.o(.text)
    __aeabi_drsub                            0x080003ef   Thumb Code     6  dadd.o(.text)
    __aeabi_dmul                             0x080003f5   Thumb Code   228  dmul.o(.text)
    __aeabi_ddiv                             0x080004d9   Thumb Code   222  ddiv.o(.text)
    __aeabi_ui2f                             0x080005b7   Thumb Code    10  ffltui.o(.text)
    __aeabi_ui2d                             0x080005c1   Thumb Code    26  dfltui.o(.text)
    __aeabi_f2iz                             0x080005db   Thumb Code    50  ffixi.o(.text)
    __aeabi_d2uiz                            0x0800060d   Thumb Code    50  dfixui.o(.text)
    __aeabi_uidiv                            0x0800063f   Thumb Code     0  uidiv.o(.text)
    __aeabi_uidivmod                         0x0800063f   Thumb Code    44  uidiv.o(.text)
    __aeabi_llsl                             0x0800066b   Thumb Code    30  llshl.o(.text)
    _ll_shift_l                              0x0800066b   Thumb Code     0  llshl.o(.text)
    __aeabi_llsr                             0x08000689   Thumb Code    32  llushr.o(.text)
    _ll_ushift_r                             0x08000689   Thumb Code     0  llushr.o(.text)
    __aeabi_lasr                             0x080006a9   Thumb Code    36  llsshr.o(.text)
    _ll_sshift_r                             0x080006a9   Thumb Code     0  llsshr.o(.text)
    __I$use$fp                               0x080006cd   Thumb Code     0  iusefp.o(.text)
    _float_round                             0x080006cd   Thumb Code    18  fepilogue.o(.text)
    _float_epilogue                          0x080006df   Thumb Code    92  fepilogue.o(.text)
    _double_round                            0x0800073b   Thumb Code    30  depilogue.o(.text)
    _double_epilogue                         0x08000759   Thumb Code   156  depilogue.o(.text)
    __scatterload                            0x080007f5   Thumb Code    28  init.o(.text)
    __scatterload_rt2                        0x080007f5   Thumb Code     0  init.o(.text)
    ADC_Cmd                                  0x08000819   Thumb Code    22  stm32f10x_adc.o(i.ADC_Cmd)
    ADC_DeInit                               0x08000831   Thumb Code    78  stm32f10x_adc.o(i.ADC_DeInit)
    ADC_GetCalibrationStatus                 0x0800088d   Thumb Code    20  stm32f10x_adc.o(i.ADC_GetCalibrationStatus)
    ADC_GetConversionValue                   0x080008a1   Thumb Code     8  stm32f10x_adc.o(i.ADC_GetConversionValue)
    ADC_GetFlagStatus                        0x080008a9   Thumb Code    18  stm32f10x_adc.o(i.ADC_GetFlagStatus)
    ADC_GetResetCalibrationStatus            0x080008bb   Thumb Code    20  stm32f10x_adc.o(i.ADC_GetResetCalibrationStatus)
    ADC_Init                                 0x080008d1   Thumb Code    70  stm32f10x_adc.o(i.ADC_Init)
    ADC_RegularChannelConfig                 0x08000921   Thumb Code   184  stm32f10x_adc.o(i.ADC_RegularChannelConfig)
    ADC_ResetCalibration                     0x080009d9   Thumb Code    10  stm32f10x_adc.o(i.ADC_ResetCalibration)
    ADC_SoftwareStartConvCmd                 0x080009e3   Thumb Code    22  stm32f10x_adc.o(i.ADC_SoftwareStartConvCmd)
    ADC_StartCalibration                     0x080009f9   Thumb Code    10  stm32f10x_adc.o(i.ADC_StartCalibration)
    Adc_Init                                 0x08000a05   Thumb Code   132  mq135.o(i.Adc_Init)
    BH1750_Byte_Write                        0x08000a91   Thumb Code    50  bh1750.o(i.BH1750_Byte_Write)
    BH1750_Init                              0x08000ac3   Thumb Code    18  bh1750.o(i.BH1750_Init)
    BH1750_Power_ON                          0x08000ad5   Thumb Code    10  bh1750.o(i.BH1750_Power_ON)
    BH1750_Read_Measure                      0x08000adf   Thumb Code    58  bh1750.o(i.BH1750_Read_Measure)
    BusFault_Handler                         0x08000b19   Thumb Code     4  stm32f10x_it.o(i.BusFault_Handler)
    CommandAnalyse                           0x08000b1d   Thumb Code   286  esp.o(i.CommandAnalyse)
    CommandAnalyse2                          0x08000c6d   Thumb Code   700  esp.o(i.CommandAnalyse2)
    DHT11_GPIO_Config                        0x08000fc9   Thumb Code    50  dht11.o(i.DHT11_GPIO_Config)
    DHT11_Mode_IPU                           0x08001001   Thumb Code    26  dht11.o(i.DHT11_Mode_IPU)
    DHT11_Mode_Out_PP                        0x08001021   Thumb Code    32  dht11.o(i.DHT11_Mode_Out_PP)
    DebugMon_Handler                         0x08001045   Thumb Code     2  stm32f10x_it.o(i.DebugMon_Handler)
    Esp_PUB                                  0x08001049   Thumb Code   144  esp.o(i.Esp_PUB)
    FSMC_NORSRAMCmd                          0x0800112d   Thumb Code    46  stm32f10x_fsmc.o(i.FSMC_NORSRAMCmd)
    FSMC_NORSRAMInit                         0x08001161   Thumb Code   230  stm32f10x_fsmc.o(i.FSMC_NORSRAMInit)
    GPIO_Init                                0x08001247   Thumb Code   278  stm32f10x_gpio.o(i.GPIO_Init)
    GPIO_ReadInputDataBit                    0x0800135d   Thumb Code    18  stm32f10x_gpio.o(i.GPIO_ReadInputDataBit)
    GPIO_ResetBits                           0x0800136f   Thumb Code     4  stm32f10x_gpio.o(i.GPIO_ResetBits)
    GPIO_SetBits                             0x08001373   Thumb Code     4  stm32f10x_gpio.o(i.GPIO_SetBits)
    Get_Adc                                  0x08001379   Thumb Code    46  mq135.o(i.Get_Adc)
    Get_Adc_Average                          0x080013ad   Thumb Code    46  mq135.o(i.Get_Adc_Average)
    HCSR04_Get                               0x080013dd   Thumb Code    66  hc_sr04.o(i.HCSR04_Get)
    HCSR04_Start                             0x08001431   Thumb Code    30  hc_sr04.o(i.HCSR04_Start)
    HC_Init                                  0x08001455   Thumb Code    72  hc_sr04.o(i.HC_Init)
    HardFault_Handler                        0x080014a1   Thumb Code     4  stm32f10x_it.o(i.HardFault_Handler)
    Init                                     0x080014d5   Thumb Code   114  main.o(i.Init)
    Key_Init                                 0x08001561   Thumb Code    38  key.o(i.Key_Init)
    LCD_Clear                                0x0800158d   Thumb Code   102  lcd.o(i.LCD_Clear)
    LCD_Display_Dir                          0x080015f9   Thumb Code   506  lcd.o(i.LCD_Display_Dir)
    LCD_Fast_DrawPoint                       0x080017f9   Thumb Code   448  lcd.o(i.LCD_Fast_DrawPoint)
    LCD_Init                                 0x080019c1   Thumb Code 14654  lcd.o(i.LCD_Init)
    LCD_Pow                                  0x08005305   Thumb Code    22  lcd.o(i.LCD_Pow)
    LCD_RD_DATA                              0x0800531b   Thumb Code    16  lcd.o(i.LCD_RD_DATA)
    LCD_SSD_BackLightSet                     0x0800532d   Thumb Code    80  lcd.o(i.LCD_SSD_BackLightSet)
    LCD_Scan_Dir                             0x08005381   Thumb Code   756  lcd.o(i.LCD_Scan_Dir)
    LCD_SetCursor                            0x08005679   Thumb Code   524  lcd.o(i.LCD_SetCursor)
    LCD_ShowChar                             0x08005889   Thumb Code   272  lcd.o(i.LCD_ShowChar)
    LCD_ShowNum                              0x080059b1   Thumb Code   148  lcd.o(i.LCD_ShowNum)
    LCD_ShowString                           0x08005a45   Thumb Code   102  lcd.o(i.LCD_ShowString)
    LCD_WR_DATA                              0x08005aab   Thumb Code     8  lcd.o(i.LCD_WR_DATA)
    LCD_WR_REG                               0x08005ab5   Thumb Code     6  lcd.o(i.LCD_WR_REG)
    LCD_WriteRAM_Prepare                     0x08005ac1   Thumb Code    10  lcd.o(i.LCD_WriteRAM_Prepare)
    LCD_WriteReg                             0x08005ad5   Thumb Code    10  lcd.o(i.LCD_WriteReg)
    LED1_OFF                                 0x08005ae5   Thumb Code    12  led.o(i.LED1_OFF)
    LED1_ON                                  0x08005af5   Thumb Code    12  led.o(i.LED1_ON)
    LED_Init                                 0x08005b05   Thumb Code    46  led.o(i.LED_Init)
    LIght_Intensity                          0x08005b39   Thumb Code    32  bh1750.o(i.LIght_Intensity)
    Light_Get                                0x08005b5d   Thumb Code    14  light.o(i.Light_Get)
    Light_Init                               0x08005b71   Thumb Code    40  light.o(i.Light_Init)
    MemManage_Handler                        0x08005b9d   Thumb Code     4  stm32f10x_it.o(i.MemManage_Handler)
    NMI_Handler                              0x08005ba1   Thumb Code     2  stm32f10x_it.o(i.NMI_Handler)
    NVIC_Init                                0x08005ba5   Thumb Code   100  misc.o(i.NVIC_Init)
    NVIC_PriorityGroupConfig                 0x08005c15   Thumb Code    10  misc.o(i.NVIC_PriorityGroupConfig)
    PWM_Init                                 0x08005c29   Thumb Code   148  pwm.o(i.PWM_Init)
    PWM_Speed                                0x08005cc5   Thumb Code    76  pwm.o(i.PWM_Speed)
    PendSV_Handler                           0x08005d15   Thumb Code     2  stm32f10x_it.o(i.PendSV_Handler)
    RCC_ADCCLKConfig                         0x08005d19   Thumb Code    18  stm32f10x_rcc.o(i.RCC_ADCCLKConfig)
    RCC_AHBPeriphClockCmd                    0x08005d31   Thumb Code    26  stm32f10x_rcc.o(i.RCC_AHBPeriphClockCmd)
    RCC_APB1PeriphClockCmd                   0x08005d51   Thumb Code    26  stm32f10x_rcc.o(i.RCC_APB1PeriphClockCmd)
    RCC_APB2PeriphClockCmd                   0x08005d71   Thumb Code    26  stm32f10x_rcc.o(i.RCC_APB2PeriphClockCmd)
    RCC_APB2PeriphResetCmd                   0x08005d91   Thumb Code    26  stm32f10x_rcc.o(i.RCC_APB2PeriphResetCmd)
    RCC_GetClocksFreq                        0x08005db1   Thumb Code   192  stm32f10x_rcc.o(i.RCC_GetClocksFreq)
    Read_Byte                                0x08005e85   Thumb Code    92  dht11.o(i.Read_Byte)
    SVC_Handler                              0x08005ee5   Thumb Code     2  stm32f10x_it.o(i.SVC_Handler)
    SysTick_Handler                          0x08005fd1   Thumb Code     2  stm32f10x_it.o(i.SysTick_Handler)
    SystemInit                               0x08005fd5   Thumb Code    78  system_stm32f10x.o(i.SystemInit)
    TIM2_IRQHandler                          0x08006035   Thumb Code    46  timer.o(i.TIM2_IRQHandler)
    TIM_ClearFlag                            0x0800606d   Thumb Code     6  stm32f10x_tim.o(i.TIM_ClearFlag)
    TIM_ClearITPendingBit                    0x08006073   Thumb Code     6  stm32f10x_tim.o(i.TIM_ClearITPendingBit)
    TIM_Cmd                                  0x08006079   Thumb Code    24  stm32f10x_tim.o(i.TIM_Cmd)
    TIM_GetITStatus                          0x08006091   Thumb Code    34  stm32f10x_tim.o(i.TIM_GetITStatus)
    TIM_ITConfig                             0x080060b3   Thumb Code    18  stm32f10x_tim.o(i.TIM_ITConfig)
    TIM_Init                                 0x080060c5   Thumb Code   126  timer.o(i.TIM_Init)
    TIM_InternalClockConfig                  0x08006149   Thumb Code    12  stm32f10x_tim.o(i.TIM_InternalClockConfig)
    TIM_OC3Init                              0x08006155   Thumb Code   150  stm32f10x_tim.o(i.TIM_OC3Init)
    TIM_OC4Init                              0x080061f5   Thumb Code   114  stm32f10x_tim.o(i.TIM_OC4Init)
    TIM_OCStructInit                         0x08006271   Thumb Code    20  stm32f10x_tim.o(i.TIM_OCStructInit)
    TIM_SetCompare3                          0x08006285   Thumb Code     4  stm32f10x_tim.o(i.TIM_SetCompare3)
    TIM_SetCompare4                          0x08006289   Thumb Code     6  stm32f10x_tim.o(i.TIM_SetCompare4)
    TIM_TimeBaseInit                         0x08006291   Thumb Code   122  stm32f10x_tim.o(i.TIM_TimeBaseInit)
    USART1_IRQHandler                        0x08006335   Thumb Code   106  usart.o(i.USART1_IRQHandler)
    USART1_Init                              0x080063ad   Thumb Code   164  usart.o(i.USART1_Init)
    USART3_IRQHandler                        0x08006459   Thumb Code   112  usart.o(i.USART3_IRQHandler)
    USART3_Init                              0x080064d5   Thumb Code   174  usart.o(i.USART3_Init)
    USART3_SendStr                           0x0800658d   Thumb Code    38  usart.o(i.USART3_SendStr)
    USART_Cmd                                0x080065b9   Thumb Code    24  stm32f10x_usart.o(i.USART_Cmd)
    USART_GetFlagStatus                      0x080065d1   Thumb Code    26  stm32f10x_usart.o(i.USART_GetFlagStatus)
    USART_GetITStatus                        0x080065eb   Thumb Code    84  stm32f10x_usart.o(i.USART_GetITStatus)
    USART_ITConfig                           0x0800663f   Thumb Code    74  stm32f10x_usart.o(i.USART_ITConfig)
    USART_Init                               0x08006689   Thumb Code   210  stm32f10x_usart.o(i.USART_Init)
    USART_ReceiveData                        0x08006761   Thumb Code    10  stm32f10x_usart.o(i.USART_ReceiveData)
    USART_SendData                           0x0800676b   Thumb Code     8  stm32f10x_usart.o(i.USART_SendData)
    Uart1_SendString                         0x08006773   Thumb Code    24  usart.o(i.Uart1_SendString)
    Uart1_Send_Byte                          0x0800678d   Thumb Code    28  usart.o(i.Uart1_Send_Byte)
    UsageFault_Handler                       0x080067ad   Thumb Code     4  stm32f10x_it.o(i.UsageFault_Handler)
    __0printf$3                              0x080067b1   Thumb Code    22  printf3.o(i.__0printf$3)
    __1printf$3                              0x080067b1   Thumb Code     0  printf3.o(i.__0printf$3)
    __2printf                                0x080067b1   Thumb Code     0  printf3.o(i.__0printf$3)
    __scatterload_copy                       0x080067d1   Thumb Code    14  handlers.o(i.__scatterload_copy)
    __scatterload_null                       0x080067df   Thumb Code     2  handlers.o(i.__scatterload_null)
    __scatterload_zeroinit                   0x080067e1   Thumb Code    14  handlers.o(i.__scatterload_zeroinit)
    beep_Init                                0x080069a9   Thumb Code    46  beep.o(i.beep_Init)
    beep_sys                                 0x080069dd   Thumb Code    46  beep.o(i.beep_sys)
    delay_ms                                 0x08006a11   Thumb Code    24  delay.o(i.delay_ms)
    delay_us                                 0x08006a29   Thumb Code    46  delay.o(i.delay_us)
    dht_Readdata                             0x08006a59   Thumb Code   172  dht11.o(i.dht_Readdata)
    esp_Init                                 0x08006b09   Thumb Code   272  esp.o(i.esp_Init)
    fputc                                    0x08006cd9   Thumb Code    16  usart.o(i.fputc)
    get_real_value                           0x08006ce9   Thumb Code    86  mq135.o(i.get_real_value)
    i2c_Ack                                  0x08006d51   Thumb Code    44  bh1750.o(i.i2c_Ack)
    i2c_CheckDevice                          0x08006d81   Thumb Code    28  bh1750.o(i.i2c_CheckDevice)
    i2c_NAck                                 0x08006dad   Thumb Code    36  bh1750.o(i.i2c_NAck)
    i2c_ReadByte                             0x08006dd5   Thumb Code    62  bh1750.o(i.i2c_ReadByte)
    i2c_SendByte                             0x08006e19   Thumb Code    80  bh1750.o(i.i2c_SendByte)
    i2c_Start                                0x08006e6d   Thumb Code    42  bh1750.o(i.i2c_Start)
    i2c_Stop                                 0x08006e9d   Thumb Code    28  bh1750.o(i.i2c_Stop)
    i2c_WaitAck                              0x08006ebd   Thumb Code    56  bh1750.o(i.i2c_WaitAck)
    main                                     0x08006ef9   Thumb Code   918  main.o(i.main)
    asc2_1206                                0x0800732c   Data        1140  lcd.o(.constdata)
    asc2_1608                                0x080077a0   Data        1520  lcd.o(.constdata)
    asc2_2412                                0x08007d90   Data        3420  lcd.o(.constdata)
    Region$$Table$$Base                      0x08008d20   Number         0  anon$$obj.o(Region$$Table)
    Region$$Table$$Limit                     0x08008d40   Number         0  anon$$obj.o(Region$$Table)
    POINT_COLOR                              0x20000014   Data           2  lcd.o(.data)
    BACK_COLOR                               0x20000016   Data           2  lcd.o(.data)
    Time                                     0x20000018   Data           2  hc_sr04.o(.data)
    Temperature                              0x2000001a   Data           1  main.o(.data)
    Shidu                                    0x2000001b   Data           1  main.o(.data)
    konqi                                    0x2000001c   Data           1  main.o(.data)
    T                                        0x2000001e   Data           2  main.o(.data)
    Switch1                                  0x20000020   Data           1  main.o(.data)
    Switch2                                  0x20000021   Data           1  main.o(.data)
    lightnum                                 0x20000022   Data           1  main.o(.data)
    chuangnum                                0x20000023   Data           1  main.o(.data)
    powernum                                 0x20000024   Data           1  main.o(.data)
    value                                    0x20000026   Data           2  main.o(.data)
    guangnum                                 0x20000028   Data           1  main.o(.data)
    mennum                                   0x20000029   Data           1  main.o(.data)
    jingnum                                  0x2000002c   Data           1  esp.o(.data)
    lightnumm                                0x2000002d   Data           1  esp.o(.data)
    fengnum                                  0x2000002e   Data           1  esp.o(.data)
    chuangnumm                               0x2000002f   Data           1  esp.o(.data)
    lijianum                                 0x20000030   Data           1  esp.o(.data)
    tiannum                                  0x20000031   Data           1  esp.o(.data)
    lijianumm                                0x20000032   Data           1  esp.o(.data)
    jianum                                   0x20000033   Data           1  esp.o(.data)
    WIFI                                     0x20000034   Data           4  esp.o(.data)
    WIFIASSWORD                              0x20000038   Data           4  esp.o(.data)
    ClintID                                  0x2000003c   Data           4  esp.o(.data)
    username                                 0x20000040   Data           4  esp.o(.data)
    passwd                                   0x20000044   Data           4  esp.o(.data)
    Url                                      0x20000048   Data           4  esp.o(.data)
    pubtopic                                 0x2000004c   Data           4  esp.o(.data)
    subtopic                                 0x20000050   Data           4  esp.o(.data)
    func1                                    0x20000054   Data           4  esp.o(.data)
    func2                                    0x20000058   Data           4  esp.o(.data)
    func3                                    0x2000005c   Data           4  esp.o(.data)
    func4                                    0x20000060   Data           4  esp.o(.data)
    func5                                    0x20000064   Data           4  esp.o(.data)
    func6                                    0x20000068   Data           4  esp.o(.data)
    func7                                    0x2000006c   Data           4  esp.o(.data)
    func8                                    0x20000070   Data           4  esp.o(.data)
    func9                                    0x20000074   Data           4  esp.o(.data)
    i                                        0x20000078   Data           1  usart.o(.data)
    j                                        0x20000079   Data           1  usart.o(.data)
    USART_RX_STA                             0x2000007a   Data           2  usart.o(.data)
    __stdout                                 0x2000007c   Data           4  usart.o(.data)
    lcddev                                   0x20000080   Data          14  lcd.o(.bss)
    RECS                                     0x2000008e   Data         500  usart.o(.bss)
    RECSS                                    0x20000282   Data         500  usart.o(.bss)
    USART_RX_BUF                             0x20000476   Data         500  usart.o(.bss)
    __initial_sp                             0x20000a70   Data           0  startup_stm32f10x_hd.o(STACK)



==============================================================================

Memory Map of the image

  Image Entry point : 0x08000131

  Load Region LR_IROM1 (Base: 0x08000000, Size: 0x00008dc0, Max: 0x00080000, ABSOLUTE)

    Execution Region ER_IROM1 (Base: 0x08000000, Size: 0x00008d40, Max: 0x00080000, ABSOLUTE)

    Base Addr    Size         Type   Attr      Idx    E Section Name        Object

    0x08000000   0x00000130   Data   RO          132    RESET               startup_stm32f10x_hd.o
    0x08000130   0x00000000   Code   RO         4111  * .ARM.Collect$$$$00000000  mc_w.l(entry.o)
    0x08000130   0x00000004   Code   RO         4399    .ARM.Collect$$$$00000001  mc_w.l(entry2.o)
    0x08000134   0x00000004   Code   RO         4402    .ARM.Collect$$$$00000004  mc_w.l(entry5.o)
    0x08000138   0x00000000   Code   RO         4404    .ARM.Collect$$$$00000008  mc_w.l(entry7b.o)
    0x08000138   0x00000000   Code   RO         4406    .ARM.Collect$$$$0000000A  mc_w.l(entry8b.o)
    0x08000138   0x00000008   Code   RO         4407    .ARM.Collect$$$$0000000B  mc_w.l(entry9a.o)
    0x08000140   0x00000000   Code   RO         4409    .ARM.Collect$$$$0000000D  mc_w.l(entry10a.o)
    0x08000140   0x00000000   Code   RO         4411    .ARM.Collect$$$$0000000F  mc_w.l(entry11a.o)
    0x08000140   0x00000004   Code   RO         4400    .ARM.Collect$$$$00002712  mc_w.l(entry2.o)
    0x08000144   0x00000024   Code   RO          133    .text               startup_stm32f10x_hd.o
    0x08000168   0x00000024   Code   RO         4114    .text               mc_w.l(memseta.o)
    0x0800018c   0x0000001c   Code   RO         4116    .text               mc_w.l(strcmp.o)
    0x080001a8   0x0000001e   Code   RO         4118    .text               mc_w.l(strncmp.o)
    0x080001c6   0x00000064   Code   RO         4381    .text               mf_w.l(fmul.o)
    0x0800022a   0x0000007c   Code   RO         4383    .text               mf_w.l(fdiv.o)
    0x080002a6   0x0000014e   Code   RO         4385    .text               mf_w.l(dadd.o)
    0x080003f4   0x000000e4   Code   RO         4387    .text               mf_w.l(dmul.o)
    0x080004d8   0x000000de   Code   RO         4389    .text               mf_w.l(ddiv.o)
    0x080005b6   0x0000000a   Code   RO         4391    .text               mf_w.l(ffltui.o)
    0x080005c0   0x0000001a   Code   RO         4393    .text               mf_w.l(dfltui.o)
    0x080005da   0x00000032   Code   RO         4395    .text               mf_w.l(ffixi.o)
    0x0800060c   0x00000032   Code   RO         4397    .text               mf_w.l(dfixui.o)
    0x0800063e   0x0000002c   Code   RO         4413    .text               mc_w.l(uidiv.o)
    0x0800066a   0x0000001e   Code   RO         4417    .text               mc_w.l(llshl.o)
    0x08000688   0x00000020   Code   RO         4419    .text               mc_w.l(llushr.o)
    0x080006a8   0x00000024   Code   RO         4421    .text               mc_w.l(llsshr.o)
    0x080006cc   0x00000000   Code   RO         4423    .text               mc_w.l(iusefp.o)
    0x080006cc   0x0000006e   Code   RO         4424    .text               mf_w.l(fepilogue.o)
    0x0800073a   0x000000ba   Code   RO         4426    .text               mf_w.l(depilogue.o)
    0x080007f4   0x00000024   Code   RO         4432    .text               mc_w.l(init.o)
    0x08000818   0x00000016   Code   RO          202    i.ADC_Cmd           stm32f10x_adc.o
    0x0800082e   0x00000002   PAD
    0x08000830   0x0000005c   Code   RO          204    i.ADC_DeInit        stm32f10x_adc.o
    0x0800088c   0x00000014   Code   RO          210    i.ADC_GetCalibrationStatus  stm32f10x_adc.o
    0x080008a0   0x00000008   Code   RO          211    i.ADC_GetConversionValue  stm32f10x_adc.o
    0x080008a8   0x00000012   Code   RO          213    i.ADC_GetFlagStatus  stm32f10x_adc.o
    0x080008ba   0x00000014   Code   RO          216    i.ADC_GetResetCalibrationStatus  stm32f10x_adc.o
    0x080008ce   0x00000002   PAD
    0x080008d0   0x00000050   Code   RO          220    i.ADC_Init          stm32f10x_adc.o
    0x08000920   0x000000b8   Code   RO          224    i.ADC_RegularChannelConfig  stm32f10x_adc.o
    0x080009d8   0x0000000a   Code   RO          225    i.ADC_ResetCalibration  stm32f10x_adc.o
    0x080009e2   0x00000016   Code   RO          227    i.ADC_SoftwareStartConvCmd  stm32f10x_adc.o
    0x080009f8   0x0000000a   Code   RO          229    i.ADC_StartCalibration  stm32f10x_adc.o
    0x08000a02   0x00000002   PAD
    0x08000a04   0x0000008c   Code   RO         3861    i.Adc_Init          mq135.o
    0x08000a90   0x00000032   Code   RO         3891    i.BH1750_Byte_Write  bh1750.o
    0x08000ac2   0x00000012   Code   RO         3892    i.BH1750_Init       bh1750.o
    0x08000ad4   0x0000000a   Code   RO         3894    i.BH1750_Power_ON   bh1750.o
    0x08000ade   0x0000003a   Code   RO         3896    i.BH1750_Read_Measure  bh1750.o
    0x08000b18   0x00000004   Code   RO         3747    i.BusFault_Handler  stm32f10x_it.o
    0x08000b1c   0x00000150   Code   RO         3810    i.CommandAnalyse    esp.o
    0x08000c6c   0x0000035c   Code   RO         3811    i.CommandAnalyse2   esp.o
    0x08000fc8   0x00000038   Code   RO         3321    i.DHT11_GPIO_Config  dht11.o
    0x08001000   0x00000020   Code   RO         3322    i.DHT11_Mode_IPU    dht11.o
    0x08001020   0x00000024   Code   RO         3323    i.DHT11_Mode_Out_PP  dht11.o
    0x08001044   0x00000002   Code   RO         3748    i.DebugMon_Handler  stm32f10x_it.o
    0x08001046   0x00000002   PAD
    0x08001048   0x000000e4   Code   RO         3812    i.Esp_PUB           esp.o
    0x0800112c   0x00000034   Code   RO         1229    i.FSMC_NORSRAMCmd   stm32f10x_fsmc.o
    0x08001160   0x000000e6   Code   RO         1231    i.FSMC_NORSRAMInit  stm32f10x_fsmc.o
    0x08001246   0x00000116   Code   RO         1347    i.GPIO_Init         stm32f10x_gpio.o
    0x0800135c   0x00000012   Code   RO         1351    i.GPIO_ReadInputDataBit  stm32f10x_gpio.o
    0x0800136e   0x00000004   Code   RO         1354    i.GPIO_ResetBits    stm32f10x_gpio.o
    0x08001372   0x00000004   Code   RO         1355    i.GPIO_SetBits      stm32f10x_gpio.o
    0x08001376   0x00000002   PAD
    0x08001378   0x00000034   Code   RO         3862    i.Get_Adc           mq135.o
    0x080013ac   0x0000002e   Code   RO         3863    i.Get_Adc_Average   mq135.o
    0x080013da   0x00000002   PAD
    0x080013dc   0x00000054   Code   RO         3601    i.HCSR04_Get        hc_sr04.o
    0x08001430   0x00000024   Code   RO         3602    i.HCSR04_Start      hc_sr04.o
    0x08001454   0x0000004c   Code   RO         3603    i.HC_Init           hc_sr04.o
    0x080014a0   0x00000004   Code   RO         3749    i.HardFault_Handler  stm32f10x_it.o
    0x080014a4   0x00000030   Code   RO         3897    i.I2C_BH1750_GPIOConfig  bh1750.o
    0x080014d4   0x0000008c   Code   RO         3688    i.Init              main.o
    0x08001560   0x0000002c   Code   RO         3283    i.Key_Init          key.o
    0x0800158c   0x0000006c   Code   RO         3382    i.LCD_Clear         lcd.o
    0x080015f8   0x00000200   Code   RO         3386    i.LCD_Display_Dir   lcd.o
    0x080017f8   0x000001c8   Code   RO         3391    i.LCD_Fast_DrawPoint  lcd.o
    0x080019c0   0x00003944   Code   RO         3393    i.LCD_Init          lcd.o
    0x08005304   0x00000016   Code   RO         3394    i.LCD_Pow           lcd.o
    0x0800531a   0x00000010   Code   RO         3395    i.LCD_RD_DATA       lcd.o
    0x0800532a   0x00000002   PAD
    0x0800532c   0x00000054   Code   RO         3398    i.LCD_SSD_BackLightSet  lcd.o
    0x08005380   0x000002f8   Code   RO         3399    i.LCD_Scan_Dir      lcd.o
    0x08005678   0x00000210   Code   RO         3400    i.LCD_SetCursor     lcd.o
    0x08005888   0x00000128   Code   RO         3402    i.LCD_ShowChar      lcd.o
    0x080059b0   0x00000094   Code   RO         3404    i.LCD_ShowNum       lcd.o
    0x08005a44   0x00000066   Code   RO         3405    i.LCD_ShowString    lcd.o
    0x08005aaa   0x00000008   Code   RO         3407    i.LCD_WR_DATA       lcd.o
    0x08005ab2   0x00000002   PAD
    0x08005ab4   0x0000000c   Code   RO         3408    i.LCD_WR_REG        lcd.o
    0x08005ac0   0x00000014   Code   RO         3410    i.LCD_WriteRAM_Prepare  lcd.o
    0x08005ad4   0x00000010   Code   RO         3411    i.LCD_WriteReg      lcd.o
    0x08005ae4   0x00000010   Code   RO         3649    i.LED1_OFF          led.o
    0x08005af4   0x00000010   Code   RO         3650    i.LED1_ON           led.o
    0x08005b04   0x00000034   Code   RO         3651    i.LED_Init          led.o
    0x08005b38   0x00000024   Code   RO         3898    i.LIght_Intensity   bh1750.o
    0x08005b5c   0x00000014   Code   RO         3631    i.Light_Get         light.o
    0x08005b70   0x0000002c   Code   RO         3632    i.Light_Init        light.o
    0x08005b9c   0x00000004   Code   RO         3750    i.MemManage_Handler  stm32f10x_it.o
    0x08005ba0   0x00000002   Code   RO         3751    i.NMI_Handler       stm32f10x_it.o
    0x08005ba2   0x00000002   PAD
    0x08005ba4   0x00000070   Code   RO          137    i.NVIC_Init         misc.o
    0x08005c14   0x00000014   Code   RO          138    i.NVIC_PriorityGroupConfig  misc.o
    0x08005c28   0x0000009c   Code   RO         3303    i.PWM_Init          pwm.o
    0x08005cc4   0x00000050   Code   RO         3304    i.PWM_Speed         pwm.o
    0x08005d14   0x00000002   Code   RO         3752    i.PendSV_Handler    stm32f10x_it.o
    0x08005d16   0x00000002   PAD
    0x08005d18   0x00000018   Code   RO         1773    i.RCC_ADCCLKConfig  stm32f10x_rcc.o
    0x08005d30   0x00000020   Code   RO         1774    i.RCC_AHBPeriphClockCmd  stm32f10x_rcc.o
    0x08005d50   0x00000020   Code   RO         1775    i.RCC_APB1PeriphClockCmd  stm32f10x_rcc.o
    0x08005d70   0x00000020   Code   RO         1777    i.RCC_APB2PeriphClockCmd  stm32f10x_rcc.o
    0x08005d90   0x00000020   Code   RO         1778    i.RCC_APB2PeriphResetCmd  stm32f10x_rcc.o
    0x08005db0   0x000000d4   Code   RO         1785    i.RCC_GetClocksFreq  stm32f10x_rcc.o
    0x08005e84   0x00000060   Code   RO         3324    i.Read_Byte         dht11.o
    0x08005ee4   0x00000002   Code   RO         3753    i.SVC_Handler       stm32f10x_it.o
    0x08005ee6   0x00000008   Code   RO           17    i.SetSysClock       system_stm32f10x.o
    0x08005eee   0x00000002   PAD
    0x08005ef0   0x000000e0   Code   RO           18    i.SetSysClockTo72   system_stm32f10x.o
    0x08005fd0   0x00000002   Code   RO         3754    i.SysTick_Handler   stm32f10x_it.o
    0x08005fd2   0x00000002   PAD
    0x08005fd4   0x00000060   Code   RO           20    i.SystemInit        system_stm32f10x.o
    0x08006034   0x00000038   Code   RO         3263    i.TIM2_IRQHandler   timer.o
    0x0800606c   0x00000006   Code   RO         2415    i.TIM_ClearFlag     stm32f10x_tim.o
    0x08006072   0x00000006   Code   RO         2416    i.TIM_ClearITPendingBit  stm32f10x_tim.o
    0x08006078   0x00000018   Code   RO         2421    i.TIM_Cmd           stm32f10x_tim.o
    0x08006090   0x00000022   Code   RO         2442    i.TIM_GetITStatus   stm32f10x_tim.o
    0x080060b2   0x00000012   Code   RO         2446    i.TIM_ITConfig      stm32f10x_tim.o
    0x080060c4   0x00000084   Code   RO         3264    i.TIM_Init          timer.o
    0x08006148   0x0000000c   Code   RO         2448    i.TIM_InternalClockConfig  stm32f10x_tim.o
    0x08006154   0x000000a0   Code   RO         2460    i.TIM_OC3Init       stm32f10x_tim.o
    0x080061f4   0x0000007c   Code   RO         2465    i.TIM_OC4Init       stm32f10x_tim.o
    0x08006270   0x00000014   Code   RO         2468    i.TIM_OCStructInit  stm32f10x_tim.o
    0x08006284   0x00000004   Code   RO         2484    i.TIM_SetCompare3   stm32f10x_tim.o
    0x08006288   0x00000006   Code   RO         2485    i.TIM_SetCompare4   stm32f10x_tim.o
    0x0800628e   0x00000002   PAD
    0x08006290   0x000000a4   Code   RO         2492    i.TIM_TimeBaseInit  stm32f10x_tim.o
    0x08006334   0x00000078   Code   RO         4002    i.USART1_IRQHandler  usart.o
    0x080063ac   0x000000ac   Code   RO         4003    i.USART1_Init       usart.o
    0x08006458   0x0000007c   Code   RO         4004    i.USART3_IRQHandler  usart.o
    0x080064d4   0x000000b8   Code   RO         4005    i.USART3_Init       usart.o
    0x0800658c   0x0000002c   Code   RO         4006    i.USART3_SendStr    usart.o
    0x080065b8   0x00000018   Code   RO         2960    i.USART_Cmd         stm32f10x_usart.o
    0x080065d0   0x0000001a   Code   RO         2963    i.USART_GetFlagStatus  stm32f10x_usart.o
    0x080065ea   0x00000054   Code   RO         2964    i.USART_GetITStatus  stm32f10x_usart.o
    0x0800663e   0x0000004a   Code   RO         2966    i.USART_ITConfig    stm32f10x_usart.o
    0x08006688   0x000000d8   Code   RO         2967    i.USART_Init        stm32f10x_usart.o
    0x08006760   0x0000000a   Code   RO         2974    i.USART_ReceiveData  stm32f10x_usart.o
    0x0800676a   0x00000008   Code   RO         2977    i.USART_SendData    stm32f10x_usart.o
    0x08006772   0x00000018   Code   RO         4009    i.Uart1_SendString  usart.o
    0x0800678a   0x00000002   PAD
    0x0800678c   0x00000020   Code   RO         4010    i.Uart1_Send_Byte   usart.o
    0x080067ac   0x00000004   Code   RO         3755    i.UsageFault_Handler  stm32f10x_it.o
    0x080067b0   0x00000020   Code   RO         4209    i.__0printf$3       mc_w.l(printf3.o)
    0x080067d0   0x0000000e   Code   RO         4436    i.__scatterload_copy  mc_w.l(handlers.o)
    0x080067de   0x00000002   Code   RO         4437    i.__scatterload_null  mc_w.l(handlers.o)
    0x080067e0   0x0000000e   Code   RO         4438    i.__scatterload_zeroinit  mc_w.l(handlers.o)
    0x080067ee   0x00000002   PAD
    0x080067f0   0x000001b8   Code   RO         4216    i._printf_core      mc_w.l(printf3.o)
    0x080069a8   0x00000034   Code   RO         3360    i.beep_Init         beep.o
    0x080069dc   0x00000034   Code   RO         3361    i.beep_sys          beep.o
    0x08006a10   0x00000018   Code   RO         3196    i.delay_ms          delay.o
    0x08006a28   0x0000002e   Code   RO         3198    i.delay_us          delay.o
    0x08006a56   0x00000002   PAD
    0x08006a58   0x000000b0   Code   RO         3325    i.dht_Readdata      dht11.o
    0x08006b08   0x000001d0   Code   RO         3813    i.esp_Init          esp.o
    0x08006cd8   0x00000010   Code   RO         4014    i.fputc             usart.o
    0x08006ce8   0x00000068   Code   RO         3864    i.get_real_value    mq135.o
    0x08006d50   0x00000030   Code   RO         3899    i.i2c_Ack           bh1750.o
    0x08006d80   0x0000001c   Code   RO         3900    i.i2c_CheckDevice   bh1750.o
    0x08006d9c   0x0000000e   Code   RO         3901    i.i2c_Delay         bh1750.o
    0x08006daa   0x00000002   PAD
    0x08006dac   0x00000028   Code   RO         3902    i.i2c_NAck          bh1750.o
    0x08006dd4   0x00000044   Code   RO         3903    i.i2c_ReadByte      bh1750.o
    0x08006e18   0x00000054   Code   RO         3904    i.i2c_SendByte      bh1750.o
    0x08006e6c   0x00000030   Code   RO         3905    i.i2c_Start         bh1750.o
    0x08006e9c   0x00000020   Code   RO         3906    i.i2c_Stop          bh1750.o
    0x08006ebc   0x0000003c   Code   RO         3907    i.i2c_WaitAck       bh1750.o
    0x08006ef8   0x00000434   Code   RO         3689    i.main              main.o
    0x0800732c   0x000017c0   Data   RO         3414    .constdata          lcd.o
    0x08008aec   0x00000233   Data   RO         3814    .conststring        esp.o
    0x08008d1f   0x00000001   PAD
    0x08008d20   0x00000020   Data   RO         4434    Region$$Table       anon$$obj.o


    Execution Region RW_IRAM1 (Base: 0x20000000, Size: 0x00000a70, Max: 0x00010000, ABSOLUTE)

    Base Addr    Size         Type   Attr      Idx    E Section Name        Object

    0x20000000   0x00000014   Data   RW         1805    .data               stm32f10x_rcc.o
    0x20000014   0x00000004   Data   RW         3415    .data               lcd.o
    0x20000018   0x00000002   Data   RW         3604    .data               hc_sr04.o
    0x2000001a   0x00000010   Data   RW         3690    .data               main.o
    0x2000002a   0x00000002   PAD
    0x2000002c   0x0000004c   Data   RW         3815    .data               esp.o
    0x20000078   0x00000008   Data   RW         4016    .data               usart.o
    0x20000080   0x0000000e   Zero   RW         3413    .bss                lcd.o
    0x2000008e   0x000005dc   Zero   RW         4015    .bss                usart.o
    0x2000066a   0x00000006   PAD
    0x20000670   0x00000400   Zero   RW          130    STACK               startup_stm32f10x_hd.o


==============================================================================

Image component sizes


      Code (inc. data)   RO Data    RW Data    ZI Data      Debug   Object Name

       104         12          0          0          0        963   beep.o
       642         42          0          0          0       7086   bh1750.o
         0          0          0          0          0       4532   core_cm3.o
        70          0          0          0          0        914   delay.o
       396         24          0          0          0       3000   dht11.o
      1888        486        563         76          0       3906   esp.o
       196         28          0          2          0       1609   hc_sr04.o
        44          6          0          0          0        451   key.o
     17748        146       6080          4         14      21069   lcd.o
        84         14          0          0          0       1276   led.o
        64         10          0          0          0        901   light.o
      1216        184          0         16          0       1976   main.o
       132         22          0          0          0     215115   misc.o
       342         32          0          0          0       2460   mq135.o
       236         12          0          0          0       1143   pwm.o
        36          8        304          0       1024        768   startup_stm32f10x_hd.o
       486         24          0          0          0      18726   stm32f10x_adc.o
       282          6          0          0          0       9553   stm32f10x_fsmc.o
       304          0          0          0          0      11748   stm32f10x_gpio.o
        26          0          0          0          0       3674   stm32f10x_it.o
       364         50          0         20          0      14490   stm32f10x_rcc.o
       578         62          0          0          0      27343   stm32f10x_tim.o
       442          6          0          0          0      11821   stm32f10x_usart.o
       328         28          0          0          0      53049   system_stm32f10x.o
       188         16          0          0          0        989   timer.o
       716         54          0          8       1500       6309   usart.o

    ----------------------------------------------------------------------
     26944       1272       6980        128       2544     424871   Object Totals
         0          0         32          0          0          0   (incl. Generated)
        32          0          1          2          6          0   (incl. Padding)

    ----------------------------------------------------------------------

      Code (inc. data)   RO Data    RW Data    ZI Data      Debug   Library Member Name

         0          0          0          0          0          0   entry.o
         0          0          0          0          0          0   entry10a.o
         0          0          0          0          0          0   entry11a.o
         8          4          0          0          0          0   entry2.o
         4          0          0          0          0          0   entry5.o
         0          0          0          0          0          0   entry7b.o
         0          0          0          0          0          0   entry8b.o
         8          4          0          0          0          0   entry9a.o
        30          0          0          0          0          0   handlers.o
        36          8          0          0          0         68   init.o
         0          0          0          0          0          0   iusefp.o
        30          0          0          0          0         68   llshl.o
        36          0          0          0          0         68   llsshr.o
        32          0          0          0          0         68   llushr.o
        36          0          0          0          0        108   memseta.o
       472         14          0          0          0        184   printf3.o
        28          0          0          0          0         76   strcmp.o
        30          0          0          0          0         80   strncmp.o
        44          0          0          0          0         80   uidiv.o
       334          0          0          0          0        148   dadd.o
       222          0          0          0          0        100   ddiv.o
       186          0          0          0          0        176   depilogue.o
        50          0          0          0          0         76   dfixui.o
        26          0          0          0          0         76   dfltui.o
       228          0          0          0          0         96   dmul.o
       124          0          0          0          0         88   fdiv.o
       110          0          0          0          0        168   fepilogue.o
        50          0          0          0          0         68   ffixi.o
        10          0          0          0          0         68   ffltui.o
       100          0          0          0          0         76   fmul.o

    ----------------------------------------------------------------------
      2236         30          0          0          0       1940   Library Totals
         2          0          0          0          0          0   (incl. Padding)

    ----------------------------------------------------------------------

      Code (inc. data)   RO Data    RW Data    ZI Data      Debug   Library Name

       794         30          0          0          0        800   mc_w.l
      1440          0          0          0          0       1140   mf_w.l

    ----------------------------------------------------------------------
      2236         30          0          0          0       1940   Library Totals

    ----------------------------------------------------------------------

==============================================================================


      Code (inc. data)   RO Data    RW Data    ZI Data      Debug   

     29180       1302       6980        128       2544     419631   Grand Totals
     29180       1302       6980        128       2544     419631   ELF Image Totals
     29180       1302       6980        128          0          0   ROM Totals

==============================================================================

    Total RO  Size (Code + RO Data)                36160 (  35.31kB)
    Total RW  Size (RW Data + ZI Data)              2672 (   2.61kB)
    Total ROM Size (Code + RO Data + RW Data)      36288 (  35.44kB)

==============================================================================

